Jan 16 09:19:44 ubuntu32 anacron[882]: Job `cron.daily' terminated
Jan 16 09:19:44 ubuntu32 anacron[882]: Normal exit (1 job run)
Jan 16 09:25:19 ubuntu32 org.gnome.zeitgeist.Engine[1678]: ** (zeitgeist-datahub:2503): WARNING **: zeitgeist-datahub.vala:212: Error during inserting events: GDBus.Error:org.gnome.zeitgeist.EngineError.InvalidArgument: Incomplete event: interpretation, manifestation and actor are required
Jan 16 09:25:19 ubuntu32 org.gnome.zeitgeist.Engine[1678]: ** (zeitgeist-datahub:2503): WARNING **: zeitgeist-datahub.vala:212: Error during inserting events: GDBus.Error:org.gnome.zeitgeist.EngineError.InvalidArgument: Incomplete event: interpretation, manifestation and actor are required
Jan 16 09:27:44 ubuntu32 dbus[772]: [system] Activating via systemd: service name='org.freedesktop.hostname1' unit='dbus-org.freedesktop.hostname1.service'
Jan 16 09:27:44 ubuntu32 systemd[1]: Starting Hostname Service...
Jan 16 09:27:44 ubuntu32 dbus[772]: [system] Successfully activated service 'org.freedesktop.hostname1'
Jan 16 09:27:44 ubuntu32 systemd[1]: Started Hostname Service.
Jan 16 09:27:44 ubuntu32 gnome-session[1812]: Nautilus-Share-Message: Called "net usershare info" but it failed: Failed to execute child process "net" (No such file or directory)
Jan 16 09:27:47 ubuntu32 org.gtk.vfs.Daemon[1678]: ** (gvfsd:1746): WARNING **: dbus_mount_reply: Error from org.gtk.vfs.Mountable.mount(): Failed to retrieve share list from server: Connection refused
Jan 16 09:27:47 ubuntu32 org.gtk.vfs.Daemon[1678]: ** (process:10529): WARNING **: Couldn't create directory monitor on smb://x-gnome-default-workgroup/. Error: The specified location is not mounted
Jan 16 09:27:50 ubuntu32 org.gtk.vfs.Daemon[1678]: ** (gvfsd:1746): WARNING **: dbus_mount_reply: Error from org.gtk.vfs.Mountable.mount(): Failed to retrieve share list from server: Connection refused
Jan 16 09:27:50 ubuntu32 org.gtk.vfs.Daemon[1678]: ** (process:10522): WARNING **: Couldn't create directory monitor on smb://x-gnome-default-workgroup/. Error: The specified location is not mounted
Jan 16 09:28:10 ubuntu32 AptDaemon: INFO: Quitting due to inactivity
Jan 16 09:28:10 ubuntu32 AptDaemon: INFO: Quitting was requested
Jan 16 09:28:10 ubuntu32 org.debian.apt[772]: 09:28:10 AptDaemon [INFO]: Quitting due to inactivity
Jan 16 09:28:10 ubuntu32 org.debian.apt[772]: 09:28:10 AptDaemon [INFO]: Quitting was requested
Jan 16 09:29:59 ubuntu32 systemd[1]: Starting Cleanup of Temporary Directories...
Jan 16 09:29:59 ubuntu32 systemd-tmpfiles[10629]: [/usr/lib/tmpfiles.d/var.conf:14] Duplicate line for path "/var/log", ignoring.
Jan 16 09:29:59 ubuntu32 systemd[1]: Started Cleanup of Temporary Directories.
Jan 16 10:16:10 ubuntu32 org.gnome.evolution.dataserver.Sources5[1678]: ** (evolution-source-registry:1910): WARNING **: secret_service_search_sync: must specify at least one attribute to match
Jan 16 10:17:01 ubuntu32 CRON[10979]: (root) CMD (   cd / && run-parts --report /etc/cron.hourly)
Jan 16 10:37:49 ubuntu32 systemd[1]: snapd.refresh.timer: Adding 2h 50min 26.026517s random time.
Jan 16 10:37:54 ubuntu32 dbus[772]: [system] Activating via systemd: service name='org.freedesktop.hostname1' unit='dbus-org.freedesktop.hostname1.service'
Jan 16 10:37:54 ubuntu32 systemd[1]: Starting Hostname Service...
Jan 16 10:37:54 ubuntu32 dbus[772]: [system] Successfully activated service 'org.freedesktop.hostname1'
Jan 16 10:37:54 ubuntu32 systemd[1]: Started Hostname Service.
Jan 16 10:39:09 ubuntu32 os-prober: debug: /dev/sda2: DOS extended partition; skipping
Jan 16 10:39:09 ubuntu32 os-prober: debug: /dev/sda5: is active swap
Jan 16 10:39:36 ubuntu32 systemd[1]: Stopping Daemon for power management...
Jan 16 10:39:36 ubuntu32 systemd[1]: Stopped target Sound Card.
Jan 16 10:39:36 ubuntu32 systemd[1]: Stopped target Timers.
Jan 16 10:39:36 ubuntu32 systemd[1]: Stopped Daily apt activities.
Jan 16 10:39:36 ubuntu32 systemd[1]: Stopping Disk Manager...
Jan 16 10:39:36 ubuntu32 systemd[1]: Stopping Authenticate and Authorize Users to Run Privileged Tasks...
Jan 16 10:39:36 ubuntu32 systemd[1]: Stopping Manage, Install and Generate Color Profiles...
Jan 16 10:39:36 ubuntu32 systemd[1]: Stopped target Graphical Interface.
Jan 16 10:39:36 ubuntu32 systemd[1]: Stopping Accounts Service...
Jan 16 10:39:36 ubuntu32 systemd[1]: Stopping Light Display Manager...
Jan 16 10:39:36 ubuntu32 kernel: [ 5102.782105] show_signal_msg: 45 callbacks suppressed
Jan 16 10:39:36 ubuntu32 kernel: [ 5102.782108] hud-service[1798]: segfault at b7792a74 ip b7792a74 sp bf99f970 error 15 in ld-2.23.so[b7792000+1000]
Jan 16 10:39:36 ubuntu32 gnome-session[1812]: PolicyKit daemon disconnected from the bus.
Jan 16 10:39:36 ubuntu32 gnome-session[1812]: We are no longer a registered authentication agent.
Jan 16 10:39:36 ubuntu32 systemd[1]: Stopping Session c2 of user ehburnham.
Jan 16 10:39:36 ubuntu32 systemd[1516]: Reached target Shutdown.
Jan 16 10:39:36 ubuntu32 systemd[1]: Stopping User Manager for UID 1000...
Jan 16 10:39:36 ubuntu32 systemd[1]: Stopped target Multi-User System.
Jan 16 10:39:36 ubuntu32 systemd[1]: Stopped target Login Prompts.
Jan 16 10:39:36 ubuntu32 dbus[772]: [system] Activating via systemd: service name='org.freedesktop.PolicyKit1' unit='polkitd.service'
Jan 16 10:39:36 ubuntu32 systemd[1]: Stopping Getty on tty1...
Jan 16 10:39:36 ubuntu32 systemd[1]: Stopped Timer to automatically refresh installed snaps.
Jan 16 10:39:36 ubuntu32 systemd[1]: Stopping Make remote CUPS printers available locally...
Jan 16 10:39:36 ubuntu32 systemd[1516]: Starting Exit the Session...
Jan 16 10:39:36 ubuntu32 systemd[1516]: Stopped target Default.
Jan 16 10:39:36 ubuntu32 systemd[1516]: Stopped target Basic System.
Jan 16 10:39:36 ubuntu32 systemd[1516]: Stopped target Timers.
Jan 16 10:39:36 ubuntu32 systemd[1516]: Stopped target Sockets.
Jan 16 10:39:36 ubuntu32 systemd[1516]: Stopped target Paths.
Jan 16 10:39:36 ubuntu32 systemd[1]: Stopping vboxadd-x11.service...
Jan 16 10:39:36 ubuntu32 systemd[1]: Stopping Regular background program processing daemon...
Jan 16 10:39:36 ubuntu32 systemd[1]: Stopping LSB: daemon to balance interrupts for SMP systems...
Jan 16 10:39:36 ubuntu32 systemd[1516]: Received SIGRTMIN+24 from PID 12079 (kill).
Jan 16 10:39:36 ubuntu32 /usr/lib/snapd/snapd[893]: main.go:67: Exiting on terminated signal.
Jan 16 10:39:36 ubuntu32 snapd[893]: 2017/01/16 10:39:36.629000 main.go:67: Exiting on terminated signal.
Jan 16 10:39:36 ubuntu32 systemd[1]: Stopping Snappy daemon...
Jan 16 10:39:36 ubuntu32 systemd[1]: Stopping LSB: Record successful boot for GRUB...
Jan 16 10:39:36 ubuntu32 systemd[1]: Stopping Modem Manager...
Jan 16 10:39:36 ubuntu32 systemd[1]: Stopping vboxadd-service.service...
Jan 16 10:39:36 ubuntu32 ModemManager[843]: <info>  Caught signal, shutting down...
Jan 16 10:39:36 ubuntu32 systemd[1]: Stopping crash report submission daemon...
Jan 16 10:39:36 ubuntu32 rsyslogd: [origin software="rsyslogd" swVersion="8.16.0" x-pid="850" x-info="http://www.rsyslog.com"] exiting on signal 15.
Jan 16 10:39:52 ubuntu32 rsyslogd: [origin software="rsyslogd" swVersion="8.16.0" x-pid="862" x-info="http://www.rsyslog.com"] start
Jan 16 10:39:52 ubuntu32 rsyslogd-2222: command 'KLogPermitNonKernelFacility' is currently not permitted - did you already set it via a RainerScript command (v6+ config)? [v8.16.0 try http://www.rsyslog.com/e/2222 ]
Jan 16 10:39:52 ubuntu32 rsyslogd: rsyslogd's groupid changed to 108
Jan 16 10:39:52 ubuntu32 rsyslogd: rsyslogd's userid changed to 104
Jan 16 10:39:52 ubuntu32 systemd-modules-load[227]: Inserted module 'lp'
Jan 16 10:39:52 ubuntu32 systemd-modules-load[227]: Inserted module 'ppdev'
Jan 16 10:39:52 ubuntu32 systemd-modules-load[227]: Inserted module 'parport_pc'
Jan 16 10:39:52 ubuntu32 systemd[1]: Started Load Kernel Modules.
Jan 16 10:39:52 ubuntu32 loadkeys[225]: Loading /etc/console-setup/cached.kmap.gz
Jan 16 10:39:52 ubuntu32 systemd[1]: Starting Apply Kernel Variables...
Jan 16 10:39:52 ubuntu32 systemd[1]: Mounting FUSE Control File System...
Jan 16 10:39:52 ubuntu32 systemd[1]: Starting Create Static Device Nodes in /dev...
Jan 16 10:39:52 ubuntu32 systemd[1]: Mounted FUSE Control File System.
Jan 16 10:39:52 ubuntu32 systemd[1]: Started Set console keymap.
Jan 16 10:39:52 ubuntu32 systemd[1]: Started Apply Kernel Variables.
Jan 16 10:39:52 ubuntu32 systemd[1]: Started Create Static Device Nodes in /dev.
Jan 16 10:39:52 ubuntu32 systemd[1]: Starting udev Kernel Device Manager...
Jan 16 10:39:52 ubuntu32 systemd[1]: Started udev Kernel Device Manager.
Jan 16 10:39:52 ubuntu32 systemd[1]: Starting Remount Root and Kernel File Systems...
Jan 16 10:39:52 ubuntu32 systemd[1]: Started Remount Root and Kernel File Systems.
Jan 16 10:39:52 ubuntu32 systemd[1]: Starting Load/Save Random Seed...
Jan 16 10:39:52 ubuntu32 systemd[1]: Starting udev Coldplug all Devices...
Jan 16 10:39:52 ubuntu32 systemd[1]: Reached target Local File Systems (Pre).
Jan 16 10:39:52 ubuntu32 systemd[1]: Starting Flush Journal to Persistent Storage...
Jan 16 10:39:52 ubuntu32 systemd[1]: Reached target Local File Systems.
Jan 16 10:39:52 ubuntu32 systemd[1]: Starting Set console font and keymap...
Jan 16 10:39:52 ubuntu32 systemd[1]: Starting Clean up any mess left by 0dns-up...
Jan 16 10:39:52 ubuntu32 systemd[1]: Starting Tell Plymouth To Write Out Runtime Data...
Jan 16 10:39:52 ubuntu32 systemd[1]: Starting LSB: AppArmor initialization...
Jan 16 10:39:52 ubuntu32 systemd[1]: Started Load/Save Random Seed.
Jan 16 10:39:52 ubuntu32 systemd[1]: Started Tell Plymouth To Write Out Runtime Data.
Jan 16 10:39:52 ubuntu32 systemd[1]: Started Clean up any mess left by 0dns-up.
Jan 16 10:39:52 ubuntu32 systemd[1]: Started Flush Journal to Persistent Storage.
Jan 16 10:39:52 ubuntu32 systemd[1]: Started udev Coldplug all Devices.
Jan 16 10:39:52 ubuntu32 apparmor[288]:  * Starting AppArmor profiles
Jan 16 10:39:52 ubuntu32 systemd[1]: Starting Show Plymouth Boot Screen...
Jan 16 10:39:52 ubuntu32 systemd[1]: Starting Create Volatile Files and Directories...
Jan 16 10:39:52 ubuntu32 systemd[1]: Starting Nameserver information manager...
Jan 16 10:39:52 ubuntu32 systemd-tmpfiles[356]: [/usr/lib/tmpfiles.d/var.conf:14] Duplicate line for path "/var/log", ignoring.
Jan 16 10:39:52 ubuntu32 systemd[1]: Started Nameserver information manager.
Jan 16 10:39:52 ubuntu32 mtp-probe: checking bus 1, device 2: "/sys/devices/pci0000:00/0000:00:06.0/usb1/1-1"
Jan 16 10:39:52 ubuntu32 mtp-probe: bus: 1, device: 2 was not an MTP device
Jan 16 10:39:52 ubuntu32 systemd[1]: Started Show Plymouth Boot Screen.
Jan 16 10:39:52 ubuntu32 systemd[1]: Started Forward Password Requests to Plymouth Directory Watch.
Jan 16 10:39:52 ubuntu32 systemd[1]: Started Create Volatile Files and Directories.
Jan 16 10:39:52 ubuntu32 systemd[1]: Reached target System Time Synchronized.
Jan 16 10:39:52 ubuntu32 systemd[1]: Starting Update UTMP about System Boot/Shutdown...
Jan 16 10:39:52 ubuntu32 systemd[1]: Started Update UTMP about System Boot/Shutdown.
Jan 16 10:39:52 ubuntu32 apparmor[288]: Skipping profile in /etc/apparmor.d/disable: usr.bin.firefox
Jan 16 10:39:52 ubuntu32 apparmor[288]: Skipping profile in /etc/apparmor.d/disable: usr.sbin.rsyslogd
Jan 16 10:39:52 ubuntu32 apparmor[288]:    ...done.
Jan 16 10:39:52 ubuntu32 systemd[1]: Started LSB: AppArmor initialization.
Jan 16 10:39:52 ubuntu32 systemd[1]: Starting Raise network interfaces...
Jan 16 10:39:52 ubuntu32 systemd-udevd[305]: Process '/lib/udev/hdparm' failed with exit code 5.
Jan 16 10:39:52 ubuntu32 systemd[1]: Listening on Load/Save RF Kill Switch Status /dev/rfkill Watch.
Jan 16 10:39:52 ubuntu32 systemd[1]: Found device VBOX_HARDDISK 5.
Jan 16 10:39:52 ubuntu32 systemd[1]: Activating swap /dev/disk/by-uuid/4b2bce9c-9e00-466a-86d4-b9ced01572a3...
Jan 16 10:39:52 ubuntu32 systemd[1]: Started Raise network interfaces.
Jan 16 10:39:52 ubuntu32 systemd[1]: Activated swap /dev/disk/by-uuid/4b2bce9c-9e00-466a-86d4-b9ced01572a3.
Jan 16 10:39:52 ubuntu32 systemd[1]: Reached target Swap.
Jan 16 10:39:52 ubuntu32 systemd[1]: Reached target System Initialization.
Jan 16 10:39:52 ubuntu32 systemd[1]: Started CUPS Scheduler.
Jan 16 10:39:52 ubuntu32 systemd[1]: Listening on D-Bus System Message Bus Socket.
Jan 16 10:39:52 ubuntu32 systemd[1]: Started ACPI Events Check.
Jan 16 10:39:52 ubuntu32 systemd[1]: Listening on Avahi mDNS/DNS-SD Stack Activation Socket.
Jan 16 10:39:52 ubuntu32 systemd[1]: apt-daily.timer: Adding 10h 16min 38.842457s random time.
Jan 16 10:39:52 ubuntu32 systemd[1]: Started Daily apt activities.
Jan 16 10:39:52 ubuntu32 systemd[1]: Started Daily Cleanup of Temporary Directories.
Jan 16 10:39:52 ubuntu32 systemd[1]: Listening on CUPS Scheduler.
Jan 16 10:39:52 ubuntu32 systemd[1]: Listening on ACPID Listen Socket.
Jan 16 10:39:52 ubuntu32 systemd[1]: Starting Socket activation for snappy daemon.
Jan 16 10:39:52 ubuntu32 systemd[1]: Listening on UUID daemon activation socket.
Jan 16 10:39:52 ubuntu32 systemd[1]: snapd.refresh.timer: Adding 8min 16.702216s random time.
Jan 16 10:39:52 ubuntu32 systemd[1]: snapd.refresh.timer: Adding 3h 5min 45.943820s random time.
Jan 16 10:39:52 ubuntu32 systemd[1]: Started Timer to automatically refresh installed snaps.
Jan 16 10:39:52 ubuntu32 systemd[1]: Reached target Timers.
Jan 16 10:39:52 ubuntu32 systemd[1]: Started Trigger resolvconf update for networkd DNS.
Jan 16 10:39:52 ubuntu32 systemd[1]: Reached target Paths.
Jan 16 10:39:52 ubuntu32 systemd[1]: Listening on Socket activation for snappy daemon.
Jan 16 10:39:52 ubuntu32 systemd[1]: Reached target Sockets.
Jan 16 10:39:52 ubuntu32 systemd[1]: Reached target Basic System.
Jan 16 10:39:52 ubuntu32 systemd[1]: Starting LSB: automatic crash report generation...
Jan 16 10:39:52 ubuntu32 systemd[1]: Started CUPS Scheduler.
Jan 16 10:39:52 ubuntu32 systemd[1]: Starting Login Service...
Jan 16 10:39:52 ubuntu32 systemd[1]: Starting Permit User Sessions...
Jan 16 10:39:52 ubuntu32 systemd[1]: Starting Detect the available GPUs and deal with any system changes...
Jan 16 10:39:52 ubuntu32 systemd[1]: Starting Avahi mDNS/DNS-SD Stack...
Jan 16 10:39:52 ubuntu32 systemd[1]: Starting vboxadd-x11.service...
Jan 16 10:39:52 ubuntu32 systemd[1]: Started D-Bus System Message Bus.
Jan 16 10:39:52 ubuntu32 gpu-manager[754]: /etc/modprobe.d is not a file
Jan 16 10:39:52 ubuntu32 avahi-daemon[758]: Found user 'avahi' (UID 111) and group 'avahi' (GID 120).
Jan 16 10:39:52 ubuntu32 avahi-daemon[758]: Successfully dropped root privileges.
Jan 16 10:39:52 ubuntu32 avahi-daemon[758]: avahi-daemon 0.6.32-rc starting up.
Jan 16 10:39:52 ubuntu32 gpu-manager[754]: /etc/modprobe.d is not a file
Jan 16 10:39:52 ubuntu32 gpu-manager[754]: message repeated 3 times: [ /etc/modprobe.d is not a file]
Jan 16 10:39:52 ubuntu32 gpu-manager[754]: Error: can't open /lib/modules/4.4.35ehburnham/updates/dkms
Jan 16 10:39:52 ubuntu32 gpu-manager[754]: Error: can't open /lib/modules/4.4.35ehburnham/updates/dkms
Jan 16 10:39:52 ubuntu32 gpu-manager[754]: update-alternatives: error: no alternatives for i386-linux-gnu_gfxcore_conf
Jan 16 10:39:52 ubuntu32 dbus[762]: [system] AppArmor D-Bus mediation is enabled
Jan 16 10:39:52 ubuntu32 avahi-daemon[758]: Successfully called chroot().
Jan 16 10:39:52 ubuntu32 avahi-daemon[758]: Successfully dropped remaining capabilities.
Jan 16 10:39:52 ubuntu32 dbus[762]: [system] Successfully activated service 'org.freedesktop.systemd1'
Jan 16 10:39:52 ubuntu32 systemd[1]: Started Avahi mDNS/DNS-SD Stack.
Jan 16 10:39:52 ubuntu32 avahi-daemon[758]: No service file found in /etc/avahi/services.
Jan 16 10:39:52 ubuntu32 avahi-daemon[758]: Network interface enumeration completed.
Jan 16 10:39:52 ubuntu32 systemd[1]: Started Make remote CUPS printers available locally.
Jan 16 10:39:52 ubuntu32 avahi-daemon[758]: Server startup complete. Host name is ubuntu32.local. Local service cookie is 1521271490.
Jan 16 10:39:52 ubuntu32 systemd[1]: Starting LSB: Set the CPU Frequency Scaling governor to "ondemand"...
Jan 16 10:39:52 ubuntu32 systemd[1]: Starting Network Manager...
Jan 16 10:39:52 ubuntu32 systemd[1]: Started ACPI event daemon.
Jan 16 10:39:52 ubuntu32 systemd[1]: Starting Restore /etc/resolv.conf if the system crashed before the ppp link was shut down...
Jan 16 10:39:52 ubuntu32 systemd[1]: Starting LSB: daemon to balance interrupts for SMP systems...
Jan 16 10:39:52 ubuntu32 systemd[1]: Starting LSB: Speech Dispatcher...
Jan 16 10:39:52 ubuntu32 systemd[1]: Started Regular background program processing daemon.
Jan 16 10:39:52 ubuntu32 systemd[1]: Starting System Logging Service...
Jan 16 10:39:52 ubuntu32 systemd[1]: Starting Modem Manager...
Jan 16 10:39:52 ubuntu32 systemd[1]: Started crash report submission daemon.
Jan 16 10:39:52 ubuntu32 systemd[1]: Starting vboxadd.service...
Jan 16 10:39:52 ubuntu32 systemd[1]: Starting Thermal Daemon Service...
Jan 16 10:39:52 ubuntu32 systemd[1]: Started Run anacron jobs.
Jan 16 10:39:52 ubuntu32 systemd[1]: Starting Accounts Service...
Jan 16 10:39:52 ubuntu32 systemd[1]: Starting LSB: Record successful boot for GRUB...
Jan 16 10:39:52 ubuntu32 cron[860]: (CRON) INFO (pidfile fd = 3)
Jan 16 10:39:52 ubuntu32 anacron[873]: Anacron 2.3 started on 2017-01-16
Jan 16 10:39:52 ubuntu32 cron[860]: (CRON) INFO (Running @reboot jobs)
Jan 16 10:39:52 ubuntu32 systemd[1]: Started Snappy daemon.
Jan 16 10:39:52 ubuntu32 systemd[1]: Starting Auto import assertions from block devices...
Jan 16 10:39:52 ubuntu32 anacron[873]: Normal exit (0 jobs run)
Jan 16 10:39:52 ubuntu32 systemd[1]: Started Permit User Sessions.
Jan 16 10:39:52 ubuntu32 systemd[1]: Started Detect the available GPUs and deal with any system changes.
Jan 16 10:39:52 ubuntu32 systemd[1]: Started vboxadd-x11.service.
Jan 16 10:39:52 ubuntu32 systemd[1]: Started Restore /etc/resolv.conf if the system crashed before the ppp link was shut down.
Jan 16 10:39:52 ubuntu32 systemd[1]: Started Set console font and keymap.
Jan 16 10:39:52 ubuntu32 snap[898]: auto-import is disabled on classic
Jan 16 10:39:52 ubuntu32 ModemManager[863]: <info>  ModemManager (version 1.4.12) starting in system bus...
Jan 16 10:39:52 ubuntu32 systemd[1]: Started Auto import assertions from block devices.
Jan 16 10:39:52 ubuntu32 rsyslogd-2039: Could not open output pipe '/dev/xconsole':: No such file or directory [v8.16.0 try http://www.rsyslog.com/e/2039 ]
Jan 16 10:39:52 ubuntu32 rsyslogd-2007: action 'action 10' suspended, next retry is Mon Jan 16 10:40:22 2017 [v8.16.0 try http://www.rsyslog.com/e/2007 ]
Jan 16 10:39:52 ubuntu32 systemd[1]: Started System Logging Service.
Jan 16 10:39:52 ubuntu32 kernel: [    0.000000] Initializing cgroup subsys cpuset
Jan 16 10:39:52 ubuntu32 kernel: [    0.000000] Initializing cgroup subsys cpu
Jan 16 10:39:52 ubuntu32 kernel: [    0.000000] Initializing cgroup subsys cpuacct
Jan 16 10:39:52 ubuntu32 kernel: [    0.000000] Linux version 4.4.35ehburnham (root@ubuntu32) (gcc version 5.4.0 20160609 (Ubuntu 5.4.0-6ubuntu1~16.04.4) ) #1 SMP Sun Jan 15 21:18:23 EST 2017 (Ubuntu 4.4.0-31.50-generic 4.4.13)
Jan 16 10:39:52 ubuntu32 kernel: [    0.000000] KERNEL supported cpus:
Jan 16 10:39:52 ubuntu32 kernel: [    0.000000]   Intel GenuineIntel
Jan 16 10:39:52 ubuntu32 kernel: [    0.000000]   AMD AuthenticAMD
Jan 16 10:39:52 ubuntu32 kernel: [    0.000000]   NSC Geode by NSC
Jan 16 10:39:52 ubuntu32 kernel: [    0.000000]   Cyrix CyrixInstead
Jan 16 10:39:52 ubuntu32 kernel: [    0.000000]   Centaur CentaurHauls
Jan 16 10:39:52 ubuntu32 kernel: [    0.000000]   Transmeta GenuineTMx86
Jan 16 10:39:52 ubuntu32 kernel: [    0.000000]   Transmeta TransmetaCPU
Jan 16 10:39:52 ubuntu32 kernel: [    0.000000]   UMC UMC UMC UMC
Jan 16 10:39:52 ubuntu32 kernel: [    0.000000] x86/fpu: xstate_offset[2]:  576, xstate_sizes[2]:  256
Jan 16 10:39:52 ubuntu32 kernel: [    0.000000] x86/fpu: Supporting XSAVE feature 0x01: 'x87 floating point registers'
Jan 16 10:39:52 ubuntu32 kernel: [    0.000000] x86/fpu: Supporting XSAVE feature 0x02: 'SSE registers'
Jan 16 10:39:52 ubuntu32 kernel: [    0.000000] x86/fpu: Supporting XSAVE feature 0x04: 'AVX registers'
Jan 16 10:39:52 ubuntu32 kernel: [    0.000000] x86/fpu: Enabled xstate features 0x7, context size is 832 bytes, using 'standard' format.
Jan 16 10:39:52 ubuntu32 kernel: [    0.000000] x86/fpu: Using 'lazy' FPU context switches.
Jan 16 10:39:52 ubuntu32 kernel: [    0.000000] e820: BIOS-provided physical RAM map:
Jan 16 10:39:52 ubuntu32 kernel: [    0.000000] BIOS-e820: [mem 0x0000000000000000-0x000000000009fbff] usable
Jan 16 10:39:52 ubuntu32 kernel: [    0.000000] BIOS-e820: [mem 0x000000000009fc00-0x000000000009ffff] reserved
Jan 16 10:39:52 ubuntu32 kernel: [    0.000000] BIOS-e820: [mem 0x00000000000f0000-0x00000000000fffff] reserved
Jan 16 10:39:52 ubuntu32 kernel: [    0.000000] BIOS-e820: [mem 0x0000000000100000-0x00000000dffeffff] usable
Jan 16 10:39:52 ubuntu32 kernel: [    0.000000] BIOS-e820: [mem 0x00000000dfff0000-0x00000000dfffffff] ACPI data
Jan 16 10:39:52 ubuntu32 kernel: [    0.000000] BIOS-e820: [mem 0x00000000fffc0000-0x00000000ffffffff] reserved
Jan 16 10:39:52 ubuntu32 kernel: [    0.000000] BIOS-e820: [mem 0x0000000100000000-0x0000000117ffffff] usable
Jan 16 10:39:52 ubuntu32 kernel: [    0.000000] NX (Execute Disable) protection: active
Jan 16 10:39:52 ubuntu32 kernel: [    0.000000] SMBIOS 2.5 present.
Jan 16 10:39:52 ubuntu32 kernel: [    0.000000] DMI: innotek GmbH VirtualBox/VirtualBox, BIOS VirtualBox 12/01/2006
Jan 16 10:39:52 ubuntu32 kernel: [    0.000000] Hypervisor detected: KVM
Jan 16 10:39:52 ubuntu32 kernel: [    0.000000] e820: update [mem 0x00000000-0x00000fff] usable ==> reserved
Jan 16 10:39:52 ubuntu32 kernel: [    0.000000] e820: remove [mem 0x000a0000-0x000fffff] usable
Jan 16 10:39:52 ubuntu32 kernel: [    0.000000] e820: last_pfn = 0x118000 max_arch_pfn = 0x1000000
Jan 16 10:39:52 ubuntu32 kernel: [    0.000000] MTRR default type: uncachable
Jan 16 10:39:52 ubuntu32 kernel: [    0.000000] MTRR variable ranges disabled:
Jan 16 10:39:52 ubuntu32 kernel: [    0.000000] MTRR: Disabled
Jan 16 10:39:52 ubuntu32 kernel: [    0.000000] x86/PAT: MTRRs disabled, skipping PAT initialization too.
Jan 16 10:39:52 ubuntu32 kernel: [    0.000000] x86/PAT: Configuration [0-7]: WB  WT  UC- UC  WB  WT  UC- UC  
Jan 16 10:39:52 ubuntu32 kernel: [    0.000000] CPU MTRRs all blank - virtualized system.
Jan 16 10:39:52 ubuntu32 kernel: [    0.000000] found SMP MP-table at [mem 0x0009fff0-0x0009ffff] mapped at [c009fff0]
Jan 16 10:39:52 ubuntu32 kernel: [    0.000000] Scanning 1 areas for low memory corruption
Jan 16 10:39:52 ubuntu32 kernel: [    0.000000] initial memory mapped: [mem 0x00000000-0x021fffff]
Jan 16 10:39:52 ubuntu32 kernel: [    0.000000] Base memory trampoline at [c009b000] 9b000 size 16384
Jan 16 10:39:52 ubuntu32 kernel: [    0.000000] BRK [0x01d54000, 0x01d54fff] PGTABLE
Jan 16 10:39:52 ubuntu32 kernel: [    0.000000] BRK [0x01d55000, 0x01d55fff] PGTABLE
Jan 16 10:39:52 ubuntu32 kernel: [    0.000000] RAMDISK: [mem 0x33960000-0x35ca7fff]
Jan 16 10:39:52 ubuntu32 kernel: [    0.000000] ACPI: Early table checksum verification disabled
Jan 16 10:39:52 ubuntu32 kernel: [    0.000000] ACPI: RSDP 0x00000000000E0000 000024 (v02 VBOX  )
Jan 16 10:39:52 ubuntu32 kernel: [    0.000000] ACPI: XSDT 0x00000000DFFF0030 00003C (v01 VBOX   VBOXXSDT 00000001 ASL  00000061)
Jan 16 10:39:52 ubuntu32 kernel: [    0.000000] ACPI: FACP 0x00000000DFFF00F0 0000F4 (v04 VBOX   VBOXFACP 00000001 ASL  00000061)
Jan 16 10:39:52 ubuntu32 kernel: [    0.000000] ACPI: DSDT 0x00000000DFFF0480 002118 (v01 VBOX   VBOXBIOS 00000002 INTL 20100528)
Jan 16 10:39:52 ubuntu32 kernel: [    0.000000] ACPI: FACS 0x00000000DFFF0200 000040
Jan 16 10:39:52 ubuntu32 kernel: [    0.000000] ACPI: FACS 0x00000000DFFF0200 000040
Jan 16 10:39:52 ubuntu32 kernel: [    0.000000] ACPI: APIC 0x00000000DFFF0240 00006C (v02 VBOX   VBOXAPIC 00000001 ASL  00000061)
Jan 16 10:39:52 ubuntu32 kernel: [    0.000000] ACPI: SSDT 0x00000000DFFF02B0 0001CC (v01 VBOX   VBOXCPUT 00000002 INTL 20100528)
Jan 16 10:39:52 ubuntu32 kernel: [    0.000000] ACPI: Local APIC address 0xfee00000
Jan 16 10:39:52 ubuntu32 kernel: [    0.000000] 3588MB HIGHMEM available.
Jan 16 10:39:52 ubuntu32 kernel: [    0.000000] 891MB LOWMEM available.
Jan 16 10:39:52 ubuntu32 kernel: [    0.000000]   mapped low ram: 0 - 37bfe000
Jan 16 10:39:52 ubuntu32 kernel: [    0.000000]   low ram: 0 - 37bfe000
Jan 16 10:39:52 ubuntu32 kernel: [    0.000000] kvm-clock: Using msrs 4b564d01 and 4b564d00
Jan 16 10:39:52 ubuntu32 kernel: [    0.000000] kvm-clock: cpu 0, msr 0:37bfd001, primary cpu clock
Jan 16 10:39:52 ubuntu32 kernel: [    0.000000] kvm-clock: using sched offset of 5118806536664 cycles
Jan 16 10:39:52 ubuntu32 kernel: [    0.000000] clocksource: kvm-clock: mask: 0xffffffffffffffff max_cycles: 0x1cd42e4dffb, max_idle_ns: 881590591483 ns
Jan 16 10:39:52 ubuntu32 kernel: [    0.000000] Zone ranges:
Jan 16 10:39:52 ubuntu32 kernel: [    0.000000]   DMA      [mem 0x0000000000001000-0x0000000000ffffff]
Jan 16 10:39:52 ubuntu32 kernel: [    0.000000]   Normal   [mem 0x0000000001000000-0x0000000037bfdfff]
Jan 16 10:39:52 ubuntu32 kernel: [    0.000000]   HighMem  [mem 0x0000000037bfe000-0x0000000117ffffff]
Jan 16 10:39:52 ubuntu32 kernel: [    0.000000] Movable zone start for each node
Jan 16 10:39:52 ubuntu32 kernel: [    0.000000] Early memory node ranges
Jan 16 10:39:52 ubuntu32 kernel: [    0.000000]   node   0: [mem 0x0000000000001000-0x000000000009efff]
Jan 16 10:39:52 ubuntu32 kernel: [    0.000000]   node   0: [mem 0x0000000000100000-0x00000000dffeffff]
Jan 16 10:39:52 ubuntu32 kernel: [    0.000000]   node   0: [mem 0x0000000100000000-0x0000000117ffffff]
Jan 16 10:39:52 ubuntu32 kernel: [    0.000000] Initmem setup node 0 [mem 0x0000000000001000-0x0000000117ffffff]
Jan 16 10:39:52 ubuntu32 kernel: [    0.000000] On node 0 totalpages: 1015694
Jan 16 10:39:52 ubuntu32 kernel: [    0.000000]   DMA zone: 40 pages used for memmap
Jan 16 10:39:52 ubuntu32 kernel: [    0.000000]   DMA zone: 0 pages reserved
Jan 16 10:39:52 ubuntu32 kernel: [    0.000000]   DMA zone: 3998 pages, LIFO batch:0
Jan 16 10:39:52 ubuntu32 kernel: [    0.000000]   Normal zone: 2190 pages used for memmap
Jan 16 10:39:52 ubuntu32 kernel: [    0.000000]   Normal zone: 224254 pages, LIFO batch:31
Jan 16 10:39:52 ubuntu32 kernel: [    0.000000]   HighMem zone: 787442 pages, LIFO batch:31
Jan 16 10:39:52 ubuntu32 kernel: [    0.000000] Using APIC driver default
Jan 16 10:39:52 ubuntu32 kernel: [    0.000000] ACPI: PM-Timer IO Port: 0x4008
Jan 16 10:39:52 ubuntu32 kernel: [    0.000000] ACPI: Local APIC address 0xfee00000
Jan 16 10:39:52 ubuntu32 kernel: [    0.000000] IOAPIC[0]: apic_id 4, version 17, address 0xfec00000, GSI 0-23
Jan 16 10:39:52 ubuntu32 kernel: [    0.000000] ACPI: INT_SRC_OVR (bus 0 bus_irq 0 global_irq 2 dfl dfl)
Jan 16 10:39:52 ubuntu32 kernel: [    0.000000] ACPI: INT_SRC_OVR (bus 0 bus_irq 9 global_irq 9 high level)
Jan 16 10:39:52 ubuntu32 kernel: [    0.000000] ACPI: IRQ0 used by override.
Jan 16 10:39:52 ubuntu32 kernel: [    0.000000] ACPI: IRQ9 used by override.
Jan 16 10:39:52 ubuntu32 kernel: [    0.000000] Using ACPI (MADT) for SMP configuration information
Jan 16 10:39:52 ubuntu32 kernel: [    0.000000] smpboot: Allowing 4 CPUs, 0 hotplug CPUs
Jan 16 10:39:52 ubuntu32 kernel: [    0.000000] PM: Registered nosave memory: [mem 0x00000000-0x00000fff]
Jan 16 10:39:52 ubuntu32 kernel: [    0.000000] PM: Registered nosave memory: [mem 0x0009f000-0x0009ffff]
Jan 16 10:39:52 ubuntu32 kernel: [    0.000000] PM: Registered nosave memory: [mem 0x000a0000-0x000effff]
Jan 16 10:39:52 ubuntu32 kernel: [    0.000000] PM: Registered nosave memory: [mem 0x000f0000-0x000fffff]
Jan 16 10:39:52 ubuntu32 kernel: [    0.000000] e820: [mem 0xe0000000-0xfffbffff] available for PCI devices
Jan 16 10:39:52 ubuntu32 kernel: [    0.000000] Booting paravirtualized kernel on KVM
Jan 16 10:39:52 ubuntu32 kernel: [    0.000000] clocksource: refined-jiffies: mask: 0xffffffff max_cycles: 0xffffffff, max_idle_ns: 7645519600211568 ns
Jan 16 10:39:52 ubuntu32 kernel: [    0.000000] setup_percpu: NR_CPUS:8 nr_cpumask_bits:8 nr_cpu_ids:4 nr_node_ids:1
Jan 16 10:39:52 ubuntu32 kernel: [    0.000000] PERCPU: Embedded 19 pages/cpu @f5d8a000 s47436 r0 d30388 u77824
Jan 16 10:39:52 ubuntu32 kernel: [    0.000000] pcpu-alloc: s47436 r0 d30388 u77824 alloc=19*4096
Jan 16 10:39:52 ubuntu32 kernel: [    0.000000] pcpu-alloc: [0] 0 [0] 1 [0] 2 [0] 3 
Jan 16 10:39:52 ubuntu32 kernel: [    0.000000] PV qspinlock hash table entries: 512 (order: 0, 4096 bytes)
Jan 16 10:39:52 ubuntu32 kernel: [    0.000000] Built 1 zonelists in Zone order, mobility grouping on.  Total pages: 1013464
Jan 16 10:39:52 ubuntu32 kernel: [    0.000000] Kernel command line: BOOT_IMAGE=/boot/vmlinuz-4.4.35ehburnham root=UUID=8a740304-f052-4062-a22c-5728192a48fe ro quiet splash
Jan 16 10:39:52 ubuntu32 kernel: [    0.000000] PID hash table entries: 4096 (order: 2, 16384 bytes)
Jan 16 10:39:52 ubuntu32 kernel: [    0.000000] Dentry cache hash table entries: 131072 (order: 7, 524288 bytes)
Jan 16 10:39:52 ubuntu32 kernel: [    0.000000] Inode-cache hash table entries: 65536 (order: 6, 262144 bytes)
Jan 16 10:39:52 ubuntu32 kernel: [    0.000000] Initializing CPU#0
Jan 16 10:39:52 ubuntu32 kernel: [    0.000000] Initializing HighMem for node 0 (00037bfe:00118000)
Jan 16 10:39:52 ubuntu32 kernel: [    0.000000] Initializing Movable for node 0 (00000000:00000000)
Jan 16 10:39:52 ubuntu32 kernel: [    0.000000] Memory: 3970692K/4062776K available (7910K kernel code, 769K rwdata, 3112K rodata, 944K init, 800K bss, 92084K reserved, 0K cma-reserved, 3149768K highmem)
Jan 16 10:39:52 ubuntu32 kernel: [    0.000000] virtual kernel memory layout:
Jan 16 10:39:52 ubuntu32 kernel: [    0.000000]     fixmap  : 0xfff15000 - 0xfffff000   ( 936 kB)
Jan 16 10:39:52 ubuntu32 kernel: [    0.000000]     pkmap   : 0xffc00000 - 0xffe00000   (2048 kB)
Jan 16 10:39:52 ubuntu32 kernel: [    0.000000]     vmalloc : 0xf83fe000 - 0xffbfe000   ( 120 MB)
Jan 16 10:39:52 ubuntu32 kernel: [    0.000000]     lowmem  : 0xc0000000 - 0xf7bfe000   ( 891 MB)
Jan 16 10:39:52 ubuntu32 kernel: [    0.000000]       .init : 0xc1b87000 - 0xc1c73000   ( 944 kB)
Jan 16 10:39:52 ubuntu32 kernel: [    0.000000]       .data : 0xc17b9c4f - 0xc1b85700   (3886 kB)
Jan 16 10:39:52 ubuntu32 kernel: [    0.000000]       .text : 0xc1000000 - 0xc17b9c4f   (7911 kB)
Jan 16 10:39:52 ubuntu32 kernel: [    0.000000] Checking if this processor honours the WP bit even in supervisor mode...Ok.
Jan 16 10:39:52 ubuntu32 kernel: [    0.000000] SLUB: HWalign=64, Order=0-3, MinObjects=0, CPUs=4, Nodes=1
Jan 16 10:39:52 ubuntu32 kernel: [    0.000000] Hierarchical RCU implementation.
Jan 16 10:39:52 ubuntu32 kernel: [    0.000000] 	Build-time adjustment of leaf fanout to 32.
Jan 16 10:39:52 ubuntu32 kernel: [    0.000000] 	RCU restricting CPUs from NR_CPUS=8 to nr_cpu_ids=4.
Jan 16 10:39:52 ubuntu32 kernel: [    0.000000] RCU: Adjusting geometry for rcu_fanout_leaf=32, nr_cpu_ids=4
Jan 16 10:39:52 ubuntu32 kernel: [    0.000000] NR_IRQS:2304 nr_irqs:456 16
Jan 16 10:39:52 ubuntu32 kernel: [    0.000000] CPU 0 irqstacks, hard=f2838000 soft=f283a000
Jan 16 10:39:52 ubuntu32 kernel: [    0.000000] Console: colour VGA+ 80x25
Jan 16 10:39:52 ubuntu32 kernel: [    0.000000] console [tty0] enabled
Jan 16 10:39:52 ubuntu32 kernel: [    0.000000] allocated 4194304 bytes of page_ext
Jan 16 10:39:52 ubuntu32 kernel: [    0.000000] tsc: Detected 3300.024 MHz processor
Jan 16 10:39:52 ubuntu32 kernel: [    0.087984] Calibrating delay loop (skipped) preset value.. 6600.04 BogoMIPS (lpj=13200096)
Jan 16 10:39:52 ubuntu32 kernel: [    0.087986] pid_max: default: 32768 minimum: 301
Jan 16 10:39:52 ubuntu32 kernel: [    0.087990] ACPI: Core revision 20150930
Jan 16 10:39:52 ubuntu32 kernel: [    0.088843] ACPI: 2 ACPI AML tables successfully acquired and loaded
Jan 16 10:39:52 ubuntu32 kernel: [    0.088854] Security Framework initialized
Jan 16 10:39:52 ubuntu32 kernel: [    0.088856] Yama: becoming mindful.
Jan 16 10:39:52 ubuntu32 kernel: [    0.088866] AppArmor: AppArmor initialized
Jan 16 10:39:52 ubuntu32 kernel: [    0.088884] Mount-cache hash table entries: 2048 (order: 1, 8192 bytes)
Jan 16 10:39:52 ubuntu32 kernel: [    0.088886] Mountpoint-cache hash table entries: 2048 (order: 1, 8192 bytes)
Jan 16 10:39:52 ubuntu32 kernel: [    0.088984] Initializing cgroup subsys io
Jan 16 10:39:52 ubuntu32 kernel: [    0.088986] Initializing cgroup subsys memory
Jan 16 10:39:52 ubuntu32 kernel: [    0.088989] Initializing cgroup subsys devices
Jan 16 10:39:52 ubuntu32 kernel: [    0.088991] Initializing cgroup subsys freezer
Jan 16 10:39:52 ubuntu32 kernel: [    0.088992] Initializing cgroup subsys net_cls
Jan 16 10:39:52 ubuntu32 kernel: [    0.088993] Initializing cgroup subsys perf_event
Jan 16 10:39:52 ubuntu32 kernel: [    0.088995] Initializing cgroup subsys net_prio
Jan 16 10:39:52 ubuntu32 kernel: [    0.088997] Initializing cgroup subsys hugetlb
Jan 16 10:39:52 ubuntu32 kernel: [    0.088998] Initializing cgroup subsys pids
Jan 16 10:39:52 ubuntu32 kernel: [    0.089055] CPU: Physical Processor ID: 0
Jan 16 10:39:52 ubuntu32 kernel: [    0.089055] CPU: Processor Core ID: 0
Jan 16 10:39:52 ubuntu32 kernel: [    0.089065] mce: CPU supports 0 MCE banks
Jan 16 10:39:52 ubuntu32 kernel: [    0.089088] Last level iTLB entries: 4KB 512, 2MB 8, 4MB 8
Jan 16 10:39:52 ubuntu32 kernel: [    0.089089] Last level dTLB entries: 4KB 512, 2MB 32, 4MB 32, 1GB 0
Jan 16 10:39:52 ubuntu32 kernel: [    0.091088] Freeing SMP alternatives memory: 28K (c1c73000 - c1c7a000)
Jan 16 10:39:52 ubuntu32 kernel: [    0.097352] ftrace: allocating 31272 entries in 62 pages
Jan 16 10:39:52 ubuntu32 kernel: [    0.128695] smpboot: APIC(0) Converting physical 0 to logical package 0
Jan 16 10:39:52 ubuntu32 kernel: [    0.128697] smpboot: Max logical packages: 1
Jan 16 10:39:52 ubuntu32 kernel: [    0.128710] Enabling APIC mode:  Flat.  Using 1 I/O APICs
Jan 16 10:39:52 ubuntu32 kernel: [    0.129645] ..TIMER: vector=0x30 apic1=0 pin1=2 apic2=-1 pin2=-1
Jan 16 10:39:52 ubuntu32 kernel: [    0.235536] smpboot: CPU0: Intel(R) Core(TM) i5-2500K CPU @ 3.30GHz (family: 0x6, model: 0x2a, stepping: 0x7)
Jan 16 10:39:52 ubuntu32 kernel: [    0.235546] Performance Events: unsupported p6 CPU model 42 no PMU driver, software events only.
Jan 16 10:39:52 ubuntu32 kernel: [    0.235571] KVM setup paravirtual spinlock
Jan 16 10:39:52 ubuntu32 kernel: [    0.236030] CPU 1 irqstacks, hard=f215a000 soft=f215c000
Jan 16 10:39:52 ubuntu32 kernel: [    0.236031] x86: Booting SMP configuration:
Jan 16 10:39:52 ubuntu32 kernel: [    0.236032] .... node  #0, CPUs:      #1
Jan 16 10:39:52 ubuntu32 kernel: [1266869770.903014] Initializing CPU#1
Jan 16 10:39:52 ubuntu32 kernel: [    0.236206] kvm-clock: cpu 1, msr 0:37bfd041, secondary cpu clock
Jan 16 10:39:52 ubuntu32 kernel: [    0.236340] mce: CPU supports 0 MCE banks
Jan 16 10:39:52 ubuntu32 kernel: [    0.238423] CPU 2 irqstacks, hard=f2188000 soft=f218a000
Jan 16 10:39:52 ubuntu32 kernel: [    0.238425]  #2
Jan 16 10:39:52 ubuntu32 kernel: [1266869770.903014] Initializing CPU#2
Jan 16 10:39:52 ubuntu32 kernel: [    0.238572] kvm-clock: cpu 2, msr 0:37bfd081, secondary cpu clock
Jan 16 10:39:52 ubuntu32 kernel: [    0.238704] mce: CPU supports 0 MCE banks
Jan 16 10:39:52 ubuntu32 kernel: [    0.240787] CPU 3 irqstacks, hard=f21b2000 soft=f21b4000
Jan 16 10:39:52 ubuntu32 kernel: [    0.240789]  #3
Jan 16 10:39:52 ubuntu32 kernel: [1266869770.903014] Initializing CPU#3
Jan 16 10:39:52 ubuntu32 kernel: [    0.240986] kvm-clock: cpu 3, msr 0:37bfd0c1, secondary cpu clock
Jan 16 10:39:52 ubuntu32 kernel: [    0.241119] mce: CPU supports 0 MCE banks
Jan 16 10:39:52 ubuntu32 kernel: [    0.243165] x86: Booted up 1 node, 4 CPUs
Jan 16 10:39:52 ubuntu32 kernel: [    0.243168] smpboot: Total of 4 processors activated (26400.19 BogoMIPS)
Jan 16 10:39:52 ubuntu32 kernel: [    0.243528] devtmpfs: initialized
Jan 16 10:39:52 ubuntu32 kernel: [    0.243713] evm: security.selinux
Jan 16 10:39:52 ubuntu32 kernel: [    0.243714] evm: security.SMACK64
Jan 16 10:39:52 ubuntu32 kernel: [    0.243715] evm: security.SMACK64EXEC
Jan 16 10:39:52 ubuntu32 kernel: [    0.243715] evm: security.SMACK64TRANSMUTE
Jan 16 10:39:52 ubuntu32 kernel: [    0.243716] evm: security.SMACK64MMAP
Jan 16 10:39:52 ubuntu32 kernel: [    0.243716] evm: security.ima
Jan 16 10:39:52 ubuntu32 kernel: [    0.243717] evm: security.capability
Jan 16 10:39:52 ubuntu32 kernel: [    0.243918] clocksource: jiffies: mask: 0xffffffff max_cycles: 0xffffffff, max_idle_ns: 7645041785100000 ns
Jan 16 10:39:52 ubuntu32 kernel: [    0.244048] pinctrl core: initialized pinctrl subsystem
Jan 16 10:39:52 ubuntu32 kernel: [    0.244119] RTC time: 15:39:48, date: 01/16/17
Jan 16 10:39:52 ubuntu32 kernel: [    0.244245] NET: Registered protocol family 16
Jan 16 10:39:52 ubuntu32 kernel: [    0.244348] EISA bus registered
Jan 16 10:39:52 ubuntu32 kernel: [    0.257119] cpuidle: using governor ladder
Jan 16 10:39:52 ubuntu32 kernel: [    0.270041] cpuidle: using governor menu
Jan 16 10:39:52 ubuntu32 kernel: [    0.270047] PCCT header not found.
Jan 16 10:39:52 ubuntu32 kernel: [    0.270117] ACPI: bus type PCI registered
Jan 16 10:39:52 ubuntu32 kernel: [    0.270119] acpiphp: ACPI Hot Plug PCI Controller Driver version: 0.5
Jan 16 10:39:52 ubuntu32 kernel: [    0.270352] PCI : PCI BIOS area is rw and x. Use pci=nobios if you want it NX.
Jan 16 10:39:52 ubuntu32 kernel: [    0.270354] PCI: PCI BIOS revision 2.10 entry at 0xfda26, last bus=0
Jan 16 10:39:52 ubuntu32 kernel: [    0.270355] PCI: Using configuration type 1 for base access
Jan 16 10:39:52 ubuntu32 kernel: [    0.282786] ACPI: Added _OSI(Module Device)
Jan 16 10:39:52 ubuntu32 kernel: [    0.282788] ACPI: Added _OSI(Processor Device)
Jan 16 10:39:52 ubuntu32 kernel: [    0.282789] ACPI: Added _OSI(3.0 _SCP Extensions)
Jan 16 10:39:52 ubuntu32 kernel: [    0.282789] ACPI: Added _OSI(Processor Aggregator Device)
Jan 16 10:39:52 ubuntu32 kernel: [    0.283273] ACPI: Executed 1 blocks of module-level executable AML code
Jan 16 10:39:52 ubuntu32 kernel: [    0.284634] ACPI: Interpreter enabled
Jan 16 10:39:52 ubuntu32 kernel: [    0.284643] ACPI: (supports S0 S5)
Jan 16 10:39:52 ubuntu32 kernel: [    0.284644] ACPI: Using IOAPIC for interrupt routing
Jan 16 10:39:52 ubuntu32 kernel: [    0.284744] PCI: Using host bridge windows from ACPI; if necessary, use "pci=nocrs" and report a bug
Jan 16 10:39:52 ubuntu32 kernel: [    0.287226] ACPI: PCI Root Bridge [PCI0] (domain 0000 [bus 00-ff])
Jan 16 10:39:52 ubuntu32 kernel: [    0.287229] acpi PNP0A03:00: _OSC: OS supports [ASPM ClockPM Segments MSI]
Jan 16 10:39:52 ubuntu32 kernel: [    0.287232] acpi PNP0A03:00: _OSC failed (AE_NOT_FOUND); disabling ASPM
Jan 16 10:39:52 ubuntu32 kernel: [    0.287233] acpi PNP0A03:00: fail to add MMCONFIG information, can't access extended PCI configuration space under this bridge.
Jan 16 10:39:52 ubuntu32 kernel: [    0.287419] PCI host bridge to bus 0000:00
Jan 16 10:39:52 ubuntu32 kernel: [    0.287421] pci_bus 0000:00: root bus resource [io  0x0000-0x0cf7 window]
Jan 16 10:39:52 ubuntu32 kernel: [    0.287422] pci_bus 0000:00: root bus resource [io  0x0d00-0xffff window]
Jan 16 10:39:52 ubuntu32 kernel: [    0.287423] pci_bus 0000:00: root bus resource [mem 0x000a0000-0x000bffff window]
Jan 16 10:39:52 ubuntu32 kernel: [    0.287424] pci_bus 0000:00: root bus resource [mem 0xe0000000-0xffdfffff window]
Jan 16 10:39:52 ubuntu32 kernel: [    0.287425] pci_bus 0000:00: root bus resource [bus 00-ff]
Jan 16 10:39:52 ubuntu32 kernel: [    0.287453] pci 0000:00:00.0: [8086:1237] type 00 class 0x060000
Jan 16 10:39:52 ubuntu32 kernel: [    0.287821] pci 0000:00:01.0: [8086:7000] type 00 class 0x060100
Jan 16 10:39:52 ubuntu32 kernel: [    0.288287] pci 0000:00:01.1: [8086:7111] type 00 class 0x01018a
Jan 16 10:39:52 ubuntu32 kernel: [    0.288559] pci 0000:00:01.1: reg 0x20: [io  0xd000-0xd00f]
Jan 16 10:39:52 ubuntu32 kernel: [    0.288674] pci 0000:00:01.1: legacy IDE quirk: reg 0x10: [io  0x01f0-0x01f7]
Jan 16 10:39:52 ubuntu32 kernel: [    0.288675] pci 0000:00:01.1: legacy IDE quirk: reg 0x14: [io  0x03f6]
Jan 16 10:39:52 ubuntu32 kernel: [    0.288676] pci 0000:00:01.1: legacy IDE quirk: reg 0x18: [io  0x0170-0x0177]
Jan 16 10:39:52 ubuntu32 kernel: [    0.288677] pci 0000:00:01.1: legacy IDE quirk: reg 0x1c: [io  0x0376]
Jan 16 10:39:52 ubuntu32 kernel: [    0.288813] pci 0000:00:02.0: [80ee:beef] type 00 class 0x030000
Jan 16 10:39:52 ubuntu32 kernel: [    0.292506] pci 0000:00:02.0: reg 0x10: [mem 0xe0000000-0xe7ffffff pref]
Jan 16 10:39:52 ubuntu32 kernel: [    0.315410] pci 0000:00:03.0: [8086:100e] type 00 class 0x020000
Jan 16 10:39:52 ubuntu32 kernel: [    0.317052] pci 0000:00:03.0: reg 0x10: [mem 0xf0000000-0xf001ffff]
Jan 16 10:39:52 ubuntu32 kernel: [    0.320527] pci 0000:00:03.0: reg 0x18: [io  0xd010-0xd017]
Jan 16 10:39:52 ubuntu32 kernel: [    0.328734] pci 0000:00:04.0: [80ee:cafe] type 00 class 0x088000
Jan 16 10:39:52 ubuntu32 kernel: [    0.331239] pci 0000:00:04.0: reg 0x10: [io  0xd020-0xd03f]
Jan 16 10:39:52 ubuntu32 kernel: [    0.333395] pci 0000:00:04.0: reg 0x14: [mem 0xf0400000-0xf07fffff]
Jan 16 10:39:52 ubuntu32 kernel: [    0.335235] pci 0000:00:04.0: reg 0x18: [mem 0xf0800000-0xf0803fff pref]
Jan 16 10:39:52 ubuntu32 kernel: [    0.342284] pci 0000:00:05.0: [8086:2415] type 00 class 0x040100
Jan 16 10:39:52 ubuntu32 kernel: [    0.342386] pci 0000:00:05.0: reg 0x10: [io  0xd100-0xd1ff]
Jan 16 10:39:52 ubuntu32 kernel: [    0.342434] pci 0000:00:05.0: reg 0x14: [io  0xd200-0xd23f]
Jan 16 10:39:52 ubuntu32 kernel: [    0.342899] pci 0000:00:06.0: [106b:003f] type 00 class 0x0c0310
Jan 16 10:39:52 ubuntu32 kernel: [    0.344304] pci 0000:00:06.0: reg 0x10: [mem 0xf0804000-0xf0804fff]
Jan 16 10:39:52 ubuntu32 kernel: [    0.353338] pci 0000:00:07.0: [8086:7113] type 00 class 0x068000
Jan 16 10:39:52 ubuntu32 kernel: [    0.353901] pci 0000:00:0d.0: [8086:2829] type 00 class 0x010601
Jan 16 10:39:52 ubuntu32 kernel: [    0.355392] pci 0000:00:0d.0: reg 0x10: [io  0xd240-0xd247]
Jan 16 10:39:52 ubuntu32 kernel: [    0.358348] pci 0000:00:0d.0: reg 0x18: [io  0xd250-0xd257]
Jan 16 10:39:52 ubuntu32 kernel: [    0.361257] pci 0000:00:0d.0: reg 0x20: [io  0xd260-0xd26f]
Jan 16 10:39:52 ubuntu32 kernel: [    0.362739] pci 0000:00:0d.0: reg 0x24: [mem 0xf0806000-0xf0807fff]
Jan 16 10:39:52 ubuntu32 kernel: [    0.364493] pci_bus 0000:00: on NUMA node 0
Jan 16 10:39:52 ubuntu32 kernel: [    0.365181] ACPI: PCI Interrupt Link [LNKA] (IRQs 5 9 10 *11)
Jan 16 10:39:52 ubuntu32 kernel: [    0.365323] ACPI: PCI Interrupt Link [LNKB] (IRQs 5 9 10 *11)
Jan 16 10:39:52 ubuntu32 kernel: [    0.365387] ACPI: PCI Interrupt Link [LNKC] (IRQs 5 9 *10 11)
Jan 16 10:39:52 ubuntu32 kernel: [    0.365444] ACPI: PCI Interrupt Link [LNKD] (IRQs 5 *9 10 11)
Jan 16 10:39:52 ubuntu32 kernel: [    0.365529] ACPI: Enabled 2 GPEs in block 00 to 07
Jan 16 10:39:52 ubuntu32 kernel: [    0.365712] vgaarb: setting as boot device: PCI:0000:00:02.0
Jan 16 10:39:52 ubuntu32 kernel: [    0.365714] vgaarb: device added: PCI:0000:00:02.0,decodes=io+mem,owns=io+mem,locks=none
Jan 16 10:39:52 ubuntu32 kernel: [    0.365715] vgaarb: loaded
Jan 16 10:39:52 ubuntu32 kernel: [    0.365716] vgaarb: bridge control possible 0000:00:02.0
Jan 16 10:39:52 ubuntu32 kernel: [    0.365953] SCSI subsystem initialized
Jan 16 10:39:52 ubuntu32 kernel: [    0.366054] libata version 3.00 loaded.
Jan 16 10:39:52 ubuntu32 kernel: [    0.366074] ACPI: bus type USB registered
Jan 16 10:39:52 ubuntu32 kernel: [    0.366085] usbcore: registered new interface driver usbfs
Jan 16 10:39:52 ubuntu32 kernel: [    0.366091] usbcore: registered new interface driver hub
Jan 16 10:39:52 ubuntu32 kernel: [    0.366120] usbcore: registered new device driver usb
Jan 16 10:39:52 ubuntu32 kernel: [    0.366383] PCI: Using ACPI for IRQ routing
Jan 16 10:39:52 ubuntu32 kernel: [    0.366384] PCI: pci_cache_line_size set to 64 bytes
Jan 16 10:39:52 ubuntu32 kernel: [    0.366515] e820: reserve RAM buffer [mem 0x0009fc00-0x0009ffff]
Jan 16 10:39:52 ubuntu32 kernel: [    0.366516] e820: reserve RAM buffer [mem 0xdfff0000-0xdfffffff]
Jan 16 10:39:52 ubuntu32 kernel: [    0.366589] NetLabel: Initializing
Jan 16 10:39:52 ubuntu32 kernel: [    0.366590] NetLabel:  domain hash size = 128
Jan 16 10:39:52 ubuntu32 kernel: [    0.366591] NetLabel:  protocols = UNLABELED CIPSOv4
Jan 16 10:39:52 ubuntu32 kernel: [    0.366597] NetLabel:  unlabeled traffic allowed by default
Jan 16 10:39:52 ubuntu32 kernel: [    0.366727] amd_nb: Cannot enumerate AMD northbridges
Jan 16 10:39:52 ubuntu32 kernel: [    0.366798] clocksource: Switched to clocksource kvm-clock
Jan 16 10:39:52 ubuntu32 kernel: [    0.374586] AppArmor: AppArmor Filesystem Enabled
Jan 16 10:39:52 ubuntu32 kernel: [    0.374627] pnp: PnP ACPI init
Jan 16 10:39:52 ubuntu32 kernel: [    0.374672] pnp 00:00: Plug and Play ACPI device, IDs PNP0303 (active)
Jan 16 10:39:52 ubuntu32 kernel: [    0.374716] pnp 00:01: Plug and Play ACPI device, IDs PNP0f03 (active)
Jan 16 10:39:52 ubuntu32 kernel: [    0.375137] pnp: PnP ACPI: found 2 devices
Jan 16 10:39:52 ubuntu32 kernel: [    0.375140] PnPBIOS: Disabled by ACPI PNP
Jan 16 10:39:52 ubuntu32 kernel: [    0.414456] clocksource: acpi_pm: mask: 0xffffff max_cycles: 0xffffff, max_idle_ns: 2085701024 ns
Jan 16 10:39:52 ubuntu32 kernel: [    0.414468] pci_bus 0000:00: resource 4 [io  0x0000-0x0cf7 window]
Jan 16 10:39:52 ubuntu32 kernel: [    0.414470] pci_bus 0000:00: resource 5 [io  0x0d00-0xffff window]
Jan 16 10:39:52 ubuntu32 kernel: [    0.414471] pci_bus 0000:00: resource 6 [mem 0x000a0000-0x000bffff window]
Jan 16 10:39:52 ubuntu32 kernel: [    0.414472] pci_bus 0000:00: resource 7 [mem 0xe0000000-0xffdfffff window]
Jan 16 10:39:52 ubuntu32 kernel: [    0.414491] NET: Registered protocol family 2
Jan 16 10:39:52 ubuntu32 kernel: [    0.414644] TCP established hash table entries: 8192 (order: 3, 32768 bytes)
Jan 16 10:39:52 ubuntu32 kernel: [    0.414649] TCP bind hash table entries: 8192 (order: 4, 65536 bytes)
Jan 16 10:39:52 ubuntu32 kernel: [    0.414656] TCP: Hash tables configured (established 8192 bind 8192)
Jan 16 10:39:52 ubuntu32 kernel: [    0.414665] UDP hash table entries: 512 (order: 2, 16384 bytes)
Jan 16 10:39:52 ubuntu32 kernel: [    0.414667] UDP-Lite hash table entries: 512 (order: 2, 16384 bytes)
Jan 16 10:39:52 ubuntu32 kernel: [    0.414690] NET: Registered protocol family 1
Jan 16 10:39:52 ubuntu32 kernel: [    0.414698] pci 0000:00:00.0: Limiting direct PCI/PCI transfers
Jan 16 10:39:52 ubuntu32 kernel: [    0.414718] pci 0000:00:01.0: Activating ISA DMA hang workarounds
Jan 16 10:39:52 ubuntu32 kernel: [    0.414737] pci 0000:00:02.0: Video device with shadowed ROM
Jan 16 10:39:52 ubuntu32 kernel: [    0.415552] PCI: CLS 0 bytes, default 64
Jan 16 10:39:52 ubuntu32 kernel: [    0.415590] Trying to unpack rootfs image as initramfs...
Jan 16 10:39:52 ubuntu32 kernel: [    0.763281] Freeing initrd memory: 36128K (f3960000 - f5ca8000)
Jan 16 10:39:52 ubuntu32 kernel: [    0.763398] RAPL PMU detected, API unit is 2^-32 Joules, 3 fixed counters 10737418240 ms ovfl timer
Jan 16 10:39:52 ubuntu32 kernel: [    0.763400] hw unit of domain pp0-core 2^-0 Joules
Jan 16 10:39:52 ubuntu32 kernel: [    0.763400] hw unit of domain package 2^-0 Joules
Jan 16 10:39:52 ubuntu32 kernel: [    0.763401] hw unit of domain pp1-gpu 2^-0 Joules
Jan 16 10:39:52 ubuntu32 kernel: [    0.763442] platform rtc_cmos: registered platform RTC device (no PNP device found)
Jan 16 10:39:52 ubuntu32 kernel: [    0.763461] Scanning for low memory corruption every 60 seconds
Jan 16 10:39:52 ubuntu32 kernel: [    0.763837] futex hash table entries: 1024 (order: 4, 65536 bytes)
Jan 16 10:39:52 ubuntu32 kernel: [    0.763863] audit: initializing netlink subsys (disabled)
Jan 16 10:39:52 ubuntu32 kernel: [    0.763874] audit: type=2000 audit(1484586308.884:1): initialized
Jan 16 10:39:52 ubuntu32 kernel: [    0.764045] Initialise system trusted keyring
Jan 16 10:39:52 ubuntu32 kernel: [    0.764283] HugeTLB registered 2 MB page size, pre-allocated 0 pages
Jan 16 10:39:52 ubuntu32 kernel: [    0.765225] zbud: loaded
Jan 16 10:39:52 ubuntu32 kernel: [    0.765397] VFS: Disk quotas dquot_6.6.0
Jan 16 10:39:52 ubuntu32 kernel: [    0.765419] VFS: Dquot-cache hash table entries: 1024 (order 0, 4096 bytes)
Jan 16 10:39:52 ubuntu32 kernel: [    0.765563] squashfs: version 4.0 (2009/01/31) Phillip Lougher
Jan 16 10:39:52 ubuntu32 kernel: [    0.765838] fuse init (API version 7.23)
Jan 16 10:39:52 ubuntu32 kernel: [    0.766005] Key type big_key registered
Jan 16 10:39:52 ubuntu32 kernel: [    0.766019] Allocating IMA MOK and blacklist keyrings.
Jan 16 10:39:52 ubuntu32 kernel: [    0.767796] Key type asymmetric registered
Jan 16 10:39:52 ubuntu32 kernel: [    0.767798] Asymmetric key parser 'x509' registered
Jan 16 10:39:52 ubuntu32 kernel: [    0.767806] bounce: pool size: 64 pages
Jan 16 10:39:52 ubuntu32 kernel: [    0.767828] Block layer SCSI generic (bsg) driver version 0.4 loaded (major 249)
Jan 16 10:39:52 ubuntu32 kernel: [    0.767911] io scheduler noop registered
Jan 16 10:39:52 ubuntu32 kernel: [    0.767913] io scheduler deadline registered (default)
Jan 16 10:39:52 ubuntu32 kernel: [    0.767932] io scheduler cfq registered
Jan 16 10:39:52 ubuntu32 kernel: [    0.767992] pci_hotplug: PCI Hot Plug PCI Core version: 0.5
Jan 16 10:39:52 ubuntu32 kernel: [    0.767996] pciehp: PCI Express Hot Plug Controller Driver version: 0.4
Jan 16 10:39:52 ubuntu32 kernel: [    0.768016] intel_idle: does not run on family 6 model 42
Jan 16 10:39:52 ubuntu32 kernel: [    0.768080] ACPI: AC Adapter [AC] (on-line)
Jan 16 10:39:52 ubuntu32 kernel: [    0.768114] input: Power Button as /devices/LNXSYSTM:00/LNXPWRBN:00/input/input0
Jan 16 10:39:52 ubuntu32 kernel: [    0.768117] ACPI: Power Button [PWRF]
Jan 16 10:39:52 ubuntu32 kernel: [    0.768163] input: Sleep Button as /devices/LNXSYSTM:00/LNXSLPBN:00/input/input1
Jan 16 10:39:52 ubuntu32 kernel: [    0.768165] ACPI: Sleep Button [SLPF]
Jan 16 10:39:52 ubuntu32 kernel: [    0.768343] GHES: HEST is not enabled!
Jan 16 10:39:52 ubuntu32 kernel: [    0.768372] isapnp: Scanning for PnP cards...
Jan 16 10:39:52 ubuntu32 kernel: [    0.770939] Serial: 8250/16550 driver, 32 ports, IRQ sharing enabled
Jan 16 10:39:52 ubuntu32 kernel: [    0.773297] Linux agpgart interface v0.103
Jan 16 10:39:52 ubuntu32 kernel: [    0.776618] brd: module loaded
Jan 16 10:39:52 ubuntu32 kernel: [    0.784049] loop: module loaded
Jan 16 10:39:52 ubuntu32 kernel: [    0.784165] ata_piix 0000:00:01.1: version 2.13
Jan 16 10:39:52 ubuntu32 kernel: [    0.784571] scsi host0: ata_piix
Jan 16 10:39:52 ubuntu32 kernel: [    0.784752] scsi host1: ata_piix
Jan 16 10:39:52 ubuntu32 kernel: [    0.784778] ata1: PATA max UDMA/33 cmd 0x1f0 ctl 0x3f6 bmdma 0xd000 irq 14
Jan 16 10:39:52 ubuntu32 kernel: [    0.784779] ata2: PATA max UDMA/33 cmd 0x170 ctl 0x376 bmdma 0xd008 irq 15
Jan 16 10:39:52 ubuntu32 kernel: [    0.784863] libphy: Fixed MDIO Bus: probed
Jan 16 10:39:52 ubuntu32 kernel: [    0.784865] tun: Universal TUN/TAP device driver, 1.6
Jan 16 10:39:52 ubuntu32 kernel: [    0.784866] tun: (C) 1999-2004 Max Krasnyansky <maxk@qualcomm.com>
Jan 16 10:39:52 ubuntu32 kernel: [    0.784965] PPP generic driver version 2.4.2
Jan 16 10:39:52 ubuntu32 kernel: [    0.785049] ehci_hcd: USB 2.0 'Enhanced' Host Controller (EHCI) Driver
Jan 16 10:39:52 ubuntu32 kernel: [    0.785058] ehci-pci: EHCI PCI platform driver
Jan 16 10:39:52 ubuntu32 kernel: [    0.785065] ehci-platform: EHCI generic platform driver
Jan 16 10:39:52 ubuntu32 kernel: [    0.785070] ohci_hcd: USB 1.1 'Open' Host Controller (OHCI) Driver
Jan 16 10:39:52 ubuntu32 kernel: [    0.785072] ohci-pci: OHCI PCI platform driver
Jan 16 10:39:52 ubuntu32 kernel: [    0.785427] ohci-pci 0000:00:06.0: OHCI PCI host controller
Jan 16 10:39:52 ubuntu32 kernel: [    0.785431] ohci-pci 0000:00:06.0: new USB bus registered, assigned bus number 1
Jan 16 10:39:52 ubuntu32 kernel: [    0.785472] ohci-pci 0000:00:06.0: irq 22, io mem 0xf0804000
Jan 16 10:39:52 ubuntu32 kernel: [    0.839202] usb usb1: New USB device found, idVendor=1d6b, idProduct=0001
Jan 16 10:39:52 ubuntu32 kernel: [    0.839204] usb usb1: New USB device strings: Mfr=3, Product=2, SerialNumber=1
Jan 16 10:39:52 ubuntu32 kernel: [    0.839205] usb usb1: Product: OHCI PCI host controller
Jan 16 10:39:52 ubuntu32 kernel: [    0.839206] usb usb1: Manufacturer: Linux 4.4.35ehburnham ohci_hcd
Jan 16 10:39:52 ubuntu32 kernel: [    0.839207] usb usb1: SerialNumber: 0000:00:06.0
Jan 16 10:39:52 ubuntu32 kernel: [    0.839363] hub 1-0:1.0: USB hub found
Jan 16 10:39:52 ubuntu32 kernel: [    0.839373] hub 1-0:1.0: 12 ports detected
Jan 16 10:39:52 ubuntu32 kernel: [    0.839666] ohci-platform: OHCI generic platform driver
Jan 16 10:39:52 ubuntu32 kernel: [    0.839674] uhci_hcd: USB Universal Host Controller Interface driver
Jan 16 10:39:52 ubuntu32 kernel: [    0.839712] i8042: PNP: PS/2 Controller [PNP0303:PS2K,PNP0f03:PS2M] at 0x60,0x64 irq 1,12
Jan 16 10:39:52 ubuntu32 kernel: [    0.840080] serio: i8042 KBD port at 0x60,0x64 irq 1
Jan 16 10:39:52 ubuntu32 kernel: [    0.840083] serio: i8042 AUX port at 0x60,0x64 irq 12
Jan 16 10:39:52 ubuntu32 kernel: [    0.840221] mousedev: PS/2 mouse device common for all mice
Jan 16 10:39:52 ubuntu32 kernel: [    0.840539] input: AT Translated Set 2 keyboard as /devices/platform/i8042/serio0/input/input2
Jan 16 10:39:52 ubuntu32 kernel: [    0.840802] rtc_cmos rtc_cmos: rtc core: registered rtc_cmos as rtc0
Jan 16 10:39:52 ubuntu32 kernel: [    0.840838] rtc_cmos rtc_cmos: alarms up to one day, 114 bytes nvram
Jan 16 10:39:52 ubuntu32 kernel: [    0.840842] i2c /dev entries driver
Jan 16 10:39:52 ubuntu32 kernel: [    0.840875] device-mapper: uevent: version 1.0.3
Jan 16 10:39:52 ubuntu32 kernel: [    0.840970] device-mapper: ioctl: 4.34.0-ioctl (2015-10-28) initialised: dm-devel@redhat.com
Jan 16 10:39:52 ubuntu32 kernel: [    0.840983] platform eisa.0: Probing EISA bus 0
Jan 16 10:39:52 ubuntu32 kernel: [    0.840984] platform eisa.0: EISA: Cannot allocate resource for mainboard
Jan 16 10:39:52 ubuntu32 kernel: [    0.840985] platform eisa.0: Cannot allocate resource for EISA slot 1
Jan 16 10:39:52 ubuntu32 kernel: [    0.840986] platform eisa.0: Cannot allocate resource for EISA slot 2
Jan 16 10:39:52 ubuntu32 kernel: [    0.840987] platform eisa.0: Cannot allocate resource for EISA slot 3
Jan 16 10:39:52 ubuntu32 kernel: [    0.840988] platform eisa.0: Cannot allocate resource for EISA slot 4
Jan 16 10:39:52 ubuntu32 kernel: [    0.840989] platform eisa.0: Cannot allocate resource for EISA slot 5
Jan 16 10:39:52 ubuntu32 kernel: [    0.840990] platform eisa.0: Cannot allocate resource for EISA slot 6
Jan 16 10:39:52 ubuntu32 kernel: [    0.840991] platform eisa.0: Cannot allocate resource for EISA slot 7
Jan 16 10:39:52 ubuntu32 kernel: [    0.840992] platform eisa.0: Cannot allocate resource for EISA slot 8
Jan 16 10:39:52 ubuntu32 kernel: [    0.840992] platform eisa.0: EISA: Detected 0 cards
Jan 16 10:39:52 ubuntu32 kernel: [    0.841003] cpufreq-nforce2: No nForce2 chipset.
Jan 16 10:39:52 ubuntu32 kernel: [    0.841009] ledtrig-cpu: registered to indicate activity on CPUs
Jan 16 10:39:52 ubuntu32 kernel: [    0.841177] NET: Registered protocol family 10
Jan 16 10:39:52 ubuntu32 kernel: [    0.841359] NET: Registered protocol family 17
Jan 16 10:39:52 ubuntu32 kernel: [    0.841366] Key type dns_resolver registered
Jan 16 10:39:52 ubuntu32 kernel: [    0.841555] microcode: CPU0 sig=0x206a7, pf=0x10, revision=0x0
Jan 16 10:39:52 ubuntu32 kernel: [    0.841598] microcode: CPU1 sig=0x206a7, pf=0x10, revision=0x0
Jan 16 10:39:52 ubuntu32 kernel: [    0.841630] microcode: CPU2 sig=0x206a7, pf=0x10, revision=0x0
Jan 16 10:39:52 ubuntu32 kernel: [    0.841649] microcode: CPU3 sig=0x206a7, pf=0x10, revision=0x0
Jan 16 10:39:52 ubuntu32 kernel: [    0.841704] microcode: Microcode Update Driver: v2.01 <tigran@aivazian.fsnet.co.uk>, Peter Oruba
Jan 16 10:39:52 ubuntu32 kernel: [    0.841711] Using IPI No-Shortcut mode
Jan 16 10:39:52 ubuntu32 kernel: [    0.841956] registered taskstats version 1
Jan 16 10:39:52 ubuntu32 kernel: [    0.841964] Loading compiled-in X.509 certificates
Jan 16 10:39:52 ubuntu32 kernel: [    0.843630] Loaded X.509 cert 'Build time autogenerated kernel key: 1fb65e18533e5633ca436e13eaae74813b8315eb'
Jan 16 10:39:52 ubuntu32 kernel: [    0.843652] zswap: loaded using pool lzo/zbud
Jan 16 10:39:52 ubuntu32 kernel: [    0.845235] Key type trusted registered
Jan 16 10:39:52 ubuntu32 kernel: [    0.847857] Key type encrypted registered
Jan 16 10:39:52 ubuntu32 kernel: [    0.847863] AppArmor: AppArmor sha1 policy hashing enabled
Jan 16 10:39:52 ubuntu32 kernel: [    0.847865] ima: No TPM chip found, activating TPM-bypass!
Jan 16 10:39:52 ubuntu32 kernel: [    0.847878] evm: HMAC attrs: 0x1
Jan 16 10:39:52 ubuntu32 kernel: [    0.848101]   Magic number: 1:893:689
Jan 16 10:39:52 ubuntu32 kernel: [    0.848263] rtc_cmos rtc_cmos: setting system clock to 2017-01-16 15:39:48 UTC (1484581188)
Jan 16 10:39:52 ubuntu32 kernel: [    0.848470] BIOS EDD facility v0.16 2004-Jun-25, 0 devices found
Jan 16 10:39:52 ubuntu32 kernel: [    0.848471] EDD information not available.
Jan 16 10:39:52 ubuntu32 kernel: [    0.848499] PM: Hibernation image not present or could not be loaded.
Jan 16 10:39:52 ubuntu32 kernel: [    0.939070] ata2.00: ATAPI: VBOX CD-ROM, 1.0, max UDMA/133
Jan 16 10:39:52 ubuntu32 kernel: [    0.939338] ata2.00: configured for UDMA/33
Jan 16 10:39:52 ubuntu32 kernel: [    1.135119] isapnp: No Plug & Play device found
Jan 16 10:39:52 ubuntu32 kernel: [    1.135402] scsi 1:0:0:0: CD-ROM            VBOX     CD-ROM           1.0  PQ: 0 ANSI: 5
Jan 16 10:39:52 ubuntu32 kernel: [    1.144331] sr 1:0:0:0: [sr0] scsi3-mmc drive: 32x/32x xa/form2 tray
Jan 16 10:39:52 ubuntu32 kernel: [    1.144334] cdrom: Uniform CD-ROM driver Revision: 3.20
Jan 16 10:39:52 ubuntu32 kernel: [    1.144478] sr 1:0:0:0: Attached scsi CD-ROM sr0
Jan 16 10:39:52 ubuntu32 kernel: [    1.144620] sr 1:0:0:0: Attached scsi generic sg0 type 5
Jan 16 10:39:52 ubuntu32 kernel: [    1.144973] Freeing unused kernel memory: 944K (c1b87000 - c1c73000)
Jan 16 10:39:52 ubuntu32 kernel: [    1.145097] Write protecting the kernel text: 7912k
Jan 16 10:39:52 ubuntu32 kernel: [    1.145157] Write protecting the kernel read-only data: 3116k
Jan 16 10:39:52 ubuntu32 kernel: [    1.145158] NX-protecting the kernel data: 6424k
Jan 16 10:39:52 ubuntu32 kernel: [    1.151690] random: systemd-udevd: uninitialized urandom read (16 bytes read, 0 bits of entropy available)
Jan 16 10:39:52 ubuntu32 kernel: [    1.151737] random: systemd-udevd: uninitialized urandom read (16 bytes read, 0 bits of entropy available)
Jan 16 10:39:52 ubuntu32 kernel: [    1.152169] random: udevadm: uninitialized urandom read (16 bytes read, 0 bits of entropy available)
Jan 16 10:39:52 ubuntu32 kernel: [    1.152197] random: udevadm: uninitialized urandom read (16 bytes read, 0 bits of entropy available)
Jan 16 10:39:52 ubuntu32 kernel: [    1.152348] random: udevadm: uninitialized urandom read (16 bytes read, 0 bits of entropy available)
Jan 16 10:39:52 ubuntu32 kernel: [    1.152383] random: udevadm: uninitialized urandom read (16 bytes read, 0 bits of entropy available)
Jan 16 10:39:52 ubuntu32 kernel: [    1.152415] random: udevadm: uninitialized urandom read (16 bytes read, 0 bits of entropy available)
Jan 16 10:39:52 ubuntu32 kernel: [    1.152450] random: udevadm: uninitialized urandom read (16 bytes read, 0 bits of entropy available)
Jan 16 10:39:52 ubuntu32 kernel: [    1.152485] random: udevadm: uninitialized urandom read (16 bytes read, 0 bits of entropy available)
Jan 16 10:39:52 ubuntu32 kernel: [    1.152535] random: udevadm: uninitialized urandom read (16 bytes read, 0 bits of entropy available)
Jan 16 10:39:52 ubuntu32 kernel: [    1.167256] ACPI: Video Device [GFX0] (multi-head: yes  rom: no  post: no)
Jan 16 10:39:52 ubuntu32 kernel: [    1.167305] input: Video Bus as /devices/LNXSYSTM:00/LNXSYBUS:00/PNP0A03:00/LNXVIDEO:00/input/input4
Jan 16 10:39:52 ubuntu32 kernel: [    1.170176] FUJITSU Extended Socket Network Device Driver - version 1.0 - Copyright (c) 2015 FUJITSU LIMITED
Jan 16 10:39:52 ubuntu32 kernel: [    1.175695] e1000: Intel(R) PRO/1000 Network Driver - version 7.3.21-k8-NAPI
Jan 16 10:39:52 ubuntu32 kernel: [    1.175696] e1000: Copyright (c) 1999-2006 Intel Corporation.
Jan 16 10:39:52 ubuntu32 kernel: [    1.252320] usb 1-1: new full-speed USB device number 2 using ohci-pci
Jan 16 10:39:52 ubuntu32 kernel: [    1.400635] input: ImExPS/2 Generic Explorer Mouse as /devices/platform/i8042/serio1/input/input5
Jan 16 10:39:52 ubuntu32 kernel: [    1.512822] usb 1-1: New USB device found, idVendor=80ee, idProduct=0021
Jan 16 10:39:52 ubuntu32 kernel: [    1.512825] usb 1-1: New USB device strings: Mfr=1, Product=3, SerialNumber=0
Jan 16 10:39:52 ubuntu32 kernel: [    1.512826] usb 1-1: Product: USB Tablet
Jan 16 10:39:52 ubuntu32 kernel: [    1.512827] usb 1-1: Manufacturer: VirtualBox
Jan 16 10:39:52 ubuntu32 kernel: [    1.520380] hidraw: raw HID events driver (C) Jiri Kosina
Jan 16 10:39:52 ubuntu32 kernel: [    1.530623] e1000 0000:00:03.0 eth0: (PCI:33MHz:32-bit) 08:00:27:4f:d6:1c
Jan 16 10:39:52 ubuntu32 kernel: [    1.530629] e1000 0000:00:03.0 eth0: Intel(R) PRO/1000 Network Connection
Jan 16 10:39:52 ubuntu32 kernel: [    1.530658] ahci 0000:00:0d.0: version 3.0
Jan 16 10:39:52 ubuntu32 kernel: [    1.530917] usbcore: registered new interface driver usbhid
Jan 16 10:39:52 ubuntu32 kernel: [    1.530919] usbhid: USB HID core driver
Jan 16 10:39:52 ubuntu32 kernel: [    1.531157] ahci 0000:00:0d.0: SSS flag set, parallel bus scan disabled
Jan 16 10:39:52 ubuntu32 kernel: [    1.531277] ahci 0000:00:0d.0: AHCI 0001.0100 32 slots 1 ports 3 Gbps 0x1 impl SATA mode
Jan 16 10:39:52 ubuntu32 kernel: [    1.531279] ahci 0000:00:0d.0: flags: 64bit ncq stag only ccc 
Jan 16 10:39:52 ubuntu32 kernel: [    1.533040] e1000 0000:00:03.0 enp0s3: renamed from eth0
Jan 16 10:39:52 ubuntu32 kernel: [    1.542581] scsi host2: ahci
Jan 16 10:39:52 ubuntu32 kernel: [    1.542652] ata3: SATA max UDMA/133 abar m8192@0xf0806000 port 0xf0806100 irq 21
Jan 16 10:39:52 ubuntu32 kernel: [    1.547407] input: VirtualBox USB Tablet as /devices/pci0000:00/0000:00:06.0/usb1/1-1/1-1:1.0/0003:80EE:0021.0001/input/input6
Jan 16 10:39:52 ubuntu32 kernel: [    1.547712] hid-generic 0003:80EE:0021.0001: input,hidraw0: USB HID v1.10 Mouse [VirtualBox USB Tablet] on usb-0000:00:06.0-1/input0
Jan 16 10:39:52 ubuntu32 kernel: [    1.762914] tsc: Refined TSC clocksource calibration: 3302.036 MHz
Jan 16 10:39:52 ubuntu32 kernel: [    1.762917] clocksource: tsc: mask: 0xffffffffffffffff max_cycles: 0x2f98cfe4e39, max_idle_ns: 440795325072 ns
Jan 16 10:39:52 ubuntu32 kernel: [    1.859368] ata3: SATA link up 3.0 Gbps (SStatus 123 SControl 300)
Jan 16 10:39:52 ubuntu32 kernel: [    1.859481] ata3.00: ATA-6: VBOX HARDDISK, 1.0, max UDMA/133
Jan 16 10:39:52 ubuntu32 kernel: [    1.859483] ata3.00: 83886080 sectors, multi 128: LBA48 NCQ (depth 31/32)
Jan 16 10:39:52 ubuntu32 kernel: [    1.859651] ata3.00: configured for UDMA/133
Jan 16 10:39:52 ubuntu32 kernel: [    1.859838] scsi 2:0:0:0: Direct-Access     ATA      VBOX HARDDISK    1.0  PQ: 0 ANSI: 5
Jan 16 10:39:52 ubuntu32 kernel: [    1.859995] sd 2:0:0:0: [sda] 83886080 512-byte logical blocks: (42.9 GB/40.0 GiB)
Jan 16 10:39:52 ubuntu32 kernel: [    1.860020] sd 2:0:0:0: [sda] Write Protect is off
Jan 16 10:39:52 ubuntu32 kernel: [    1.860022] sd 2:0:0:0: [sda] Mode Sense: 00 3a 00 00
Jan 16 10:39:52 ubuntu32 kernel: [    1.860030] sd 2:0:0:0: [sda] Write cache: enabled, read cache: enabled, doesn't support DPO or FUA
Jan 16 10:39:52 ubuntu32 kernel: [    1.860057] sd 2:0:0:0: Attached scsi generic sg1 type 0
Jan 16 10:39:52 ubuntu32 kernel: [    1.862413]  sda: sda1 sda2 < sda5 >
Jan 16 10:39:52 ubuntu32 kernel: [    1.862707] sd 2:0:0:0: [sda] Attached SCSI disk
Jan 16 10:39:52 ubuntu32 kernel: [    4.191697] floppy0: no floppy controllers found
Jan 16 10:39:52 ubuntu32 kernel: [    4.247284] EXT4-fs (sda1): mounted filesystem with ordered data mode. Opts: (null)
Jan 16 10:39:52 ubuntu32 kernel: [    4.453003] lp: driver loaded but no devices found
Jan 16 10:39:52 ubuntu32 kernel: [    4.458989] ppdev: user-space parallel port driver
Jan 16 10:39:52 ubuntu32 kernel: [    4.573598] EXT4-fs (sda1): re-mounted. Opts: errors=remount-ro
Jan 16 10:39:52 ubuntu32 kernel: [    4.645315] piix4_smbus 0000:00:07.0: SMBus base address uninitialized - upgrade BIOS or use force_addr=0xaddr
Jan 16 10:39:52 ubuntu32 kernel: [    4.707930] vgdrvHeartbeatInit: Setting up heartbeat to trigger every 2000 milliseconds
Jan 16 10:39:52 ubuntu32 kernel: [    4.707995] input: Unspecified device as /devices/pci0000:00/0000:00:04.0/input/input7
Jan 16 10:39:52 ubuntu32 kernel: [    4.715318] vboxguest: misc device minor 55, IRQ 20, I/O port d020, MMIO at 00000000f0400000 (size 0x400000)
Jan 16 10:39:52 ubuntu32 kernel: [    4.715319] vboxguest: Successfully loaded version 5.0.18_Ubuntu (interface 0x00010004)
Jan 16 10:39:52 ubuntu32 kernel: [    4.725522] [drm] Initialized drm 1.1.0 20060810
Jan 16 10:39:52 ubuntu32 kernel: [    4.769529] vmap allocation for size 134221824 failed: use vmalloc=<size> to increase size.
Jan 16 10:39:52 ubuntu32 kernel: [    4.771607] vboxvideo: probe of 0000:00:02.0 failed with error -5
Jan 16 10:39:52 ubuntu32 kernel: [    4.824609] audit: type=1400 audit(1484581192.472:2): apparmor="STATUS" operation="profile_load" profile="unconfined" name="/usr/bin/ubuntu-core-launcher" pid=496 comm="apparmor_parser"
Jan 16 10:39:52 ubuntu32 kernel: [    4.833502] audit: type=1400 audit(1484581192.480:3): apparmor="STATUS" operation="profile_load" profile="unconfined" name="/sbin/dhclient" pid=491 comm="apparmor_parser"
Jan 16 10:39:52 ubuntu32 kernel: [    4.833507] audit: type=1400 audit(1484581192.480:4): apparmor="STATUS" operation="profile_load" profile="unconfined" name="/usr/lib/NetworkManager/nm-dhcp-client.action" pid=491 comm="apparmor_parser"
Jan 16 10:39:52 ubuntu32 kernel: [    4.833509] audit: type=1400 audit(1484581192.480:5): apparmor="STATUS" operation="profile_load" profile="unconfined" name="/usr/lib/NetworkManager/nm-dhcp-helper" pid=491 comm="apparmor_parser"
Jan 16 10:39:52 ubuntu32 kernel: [    4.833511] audit: type=1400 audit(1484581192.480:6): apparmor="STATUS" operation="profile_load" profile="unconfined" name="/usr/lib/connman/scripts/dhclient-script" pid=491 comm="apparmor_parser"
Jan 16 10:39:52 ubuntu32 kernel: [    4.839953] audit: type=1400 audit(1484581192.488:7): apparmor="STATUS" operation="profile_load" profile="unconfined" name="/usr/lib/snapd/snap-confine" pid=510 comm="apparmor_parser"
Jan 16 10:39:52 ubuntu32 kernel: [    4.839957] audit: type=1400 audit(1484581192.488:8): apparmor="STATUS" operation="profile_load" profile="unconfined" name="/usr/lib/snapd/snap-confine//mount-namespace-capture-helper" pid=510 comm="apparmor_parser"
Jan 16 10:39:52 ubuntu32 kernel: [    4.843999] audit: type=1400 audit(1484581192.492:9): apparmor="STATUS" operation="profile_load" profile="unconfined" name="/usr/lib/lightdm/lightdm-guest-session" pid=490 comm="apparmor_parser"
Jan 16 10:39:52 ubuntu32 kernel: [    4.865496] intel_rapl: no valid rapl domains found in package 0
Jan 16 10:39:52 ubuntu32 kernel: [    4.912338] intel_rapl: no valid rapl domains found in package 0
Jan 16 10:39:52 ubuntu32 kernel: [    5.005553] snd_intel8x0 0000:00:05.0: disable (unknown or VT-d) VM optimization
Jan 16 10:39:52 ubuntu32 kernel: [    5.012000] Adding 4192252k swap on /dev/sda5.  Priority:-1 extents:1 across:4192252k FS
Jan 16 10:39:52 ubuntu32 dbus[762]: [system] Activating via systemd: service name='org.freedesktop.PolicyKit1' unit='polkitd.service'
Jan 16 10:39:52 ubuntu32 thermald[872]: NO RAPL sysfs present
Jan 16 10:39:52 ubuntu32 thermald[872]: 13 CPUID levels; family:model:stepping 0x6:2a:7 (6:42:7)
Jan 16 10:39:52 ubuntu32 thermald[872]: Polling mode is enabled: 4
Jan 16 10:39:52 ubuntu32 thermald[872]: Thermal DTS: No coretemp sysfs found
Jan 16 10:39:52 ubuntu32 whoopsie[865]: [10:39:52] Using lock path: /var/lock/whoopsie/lock
Jan 16 10:39:52 ubuntu32 apport[748]:  * Starting automatic crash report generation: apport
Jan 16 10:39:52 ubuntu32 thermald[872]: Thermal DTS or hwmon: No Zones present Need to configure manually
Jan 16 10:39:52 ubuntu32 thermald[872]: No thermal sensors found
Jan 16 10:39:52 ubuntu32 thermald[872]: THD engine start failed
Jan 16 10:39:52 ubuntu32 apport[748]:    ...done.
Jan 16 10:39:52 ubuntu32 systemd[1]: Started LSB: automatic crash report generation.
Jan 16 10:39:52 ubuntu32 systemd[1]: Started Thermal Daemon Service.
Jan 16 10:39:52 ubuntu32 speech-dispatcher[855]:  * speech-dispatcher disabled; edit /etc/default/speech-dispatcher
Jan 16 10:39:52 ubuntu32 systemd[1]: Started LSB: Speech Dispatcher.
Jan 16 10:39:52 ubuntu32 NetworkManager[847]: <info>  [1484581192.9159] NetworkManager (version 1.2.2) is starting...
Jan 16 10:39:52 ubuntu32 NetworkManager[847]: <info>  [1484581192.9160] Read config: /etc/NetworkManager/NetworkManager.conf (etc: default-wifi-powersave-on.conf)
Jan 16 10:39:52 ubuntu32 whoopsie[865]: [10:39:52] Could not get the Network Manager state:
Jan 16 10:39:52 ubuntu32 whoopsie[865]: [10:39:52] GDBus.Error:org.freedesktop.DBus.Error.ServiceUnknown: The name org.freedesktop.NetworkManager was not provided by any .service files
Jan 16 10:39:52 ubuntu32 NetworkManager[847]: <info>  [1484581192.9246] manager[0x92630e8]: monitoring kernel firmware directory '/lib/firmware'.
Jan 16 10:39:52 ubuntu32 NetworkManager[847]: <info>  [1484581192.9250] monitoring ifupdown state file '/run/network/ifstate'.
Jan 16 10:39:52 ubuntu32 systemd[1]: Started LSB: Set the CPU Frequency Scaling governor to "ondemand".
Jan 16 10:39:52 ubuntu32 NetworkManager[847]: <info>  [1484581192.9352] dns-mgr[0x926c220]: set resolv-conf-mode: dnsmasq, plugin="dnsmasq"
Jan 16 10:39:52 ubuntu32 NetworkManager[847]: <info>  [1484581192.9355] dns-mgr[0x926c220]: using resolv.conf manager 'resolvconf'
Jan 16 10:39:52 ubuntu32 irqbalance[854]:  * Starting SMP IRQ Balancer: irqbalance
Jan 16 10:39:52 ubuntu32 dbus[762]: [system] Activating via systemd: service name='org.freedesktop.nm_dispatcher' unit='dbus-org.freedesktop.nm-dispatcher.service'
Jan 16 10:39:52 ubuntu32 irqbalance[854]:    ...done.
Jan 16 10:39:52 ubuntu32 systemd[1]: Started LSB: daemon to balance interrupts for SMP systems.
Jan 16 10:39:52 ubuntu32 kernel: [    5.280462] snd_intel8x0 0000:00:05.0: white list rate for 1028:0177 is 48000
Jan 16 10:39:52 ubuntu32 kernel: [    5.300927] vboxsf: Successfully loaded version 5.0.18_Ubuntu (interface 0x00010004)
Jan 16 10:39:52 ubuntu32 /usr/lib/snapd/snapd[897]: daemon.go:207: DEBUG: init done in 439.816s
Jan 16 10:39:52 ubuntu32 systemd[1]: Started Network Manager.
Jan 16 10:39:52 ubuntu32 systemd[1]: Started Login Service.
Jan 16 10:39:52 ubuntu32 systemd[1]: Started LSB: Record successful boot for GRUB.
Jan 16 10:39:52 ubuntu32 acpid: starting up with netlink and the input layer
Jan 16 10:39:53 ubuntu32 acpid: 9 rules loaded
Jan 16 10:39:53 ubuntu32 systemd-udevd[304]: Process '/usr/sbin/alsactl -E HOME=/run/alsa restore 0' failed with exit code 99.
Jan 16 10:39:53 ubuntu32 acpid: waiting for events: event logging is off
Jan 16 10:39:53 ubuntu32 systemd[1]: Starting Network Manager Script Dispatcher Service...
Jan 16 10:39:53 ubuntu32 systemd[1]: Reached target Network.
Jan 16 10:39:53 ubuntu32 systemd[1]: Starting /etc/rc.local Compatibility...
Jan 16 10:39:53 ubuntu32 systemd[1]: Starting Authenticate and Authorize Users to Run Privileged Tasks...
Jan 16 10:39:53 ubuntu32 systemd[1]: Reached target Sound Card.
Jan 16 10:39:53 ubuntu32 systemd[1]: Created slice system-getty.slice.
Jan 16 10:39:53 ubuntu32 systemd[1]: Starting Light Display Manager...
Jan 16 10:39:53 ubuntu32 systemd[1]: Started /etc/rc.local Compatibility.
Jan 16 10:39:53 ubuntu32 dbus[762]: [system] Successfully activated service 'org.freedesktop.nm_dispatcher'
Jan 16 10:39:53 ubuntu32 systemd[1]: Started Network Manager Script Dispatcher Service.
Jan 16 10:39:53 ubuntu32 systemd[1]: Starting Hold until boot process finishes up...
Jan 16 10:39:53 ubuntu32 NetworkManager[847]: <info>  [1484581193.0356] init!
Jan 16 10:39:53 ubuntu32 NetworkManager[847]: <info>  [1484581193.0359] management mode: unmanaged
Jan 16 10:39:53 ubuntu32 NetworkManager[847]: <info>  [1484581193.0361] devices added (path: /sys/devices/pci0000:00/0000:00:03.0/net/enp0s3, iface: enp0s3)
Jan 16 10:39:53 ubuntu32 NetworkManager[847]: <info>  [1484581193.0361] device added (path: /sys/devices/pci0000:00/0000:00:03.0/net/enp0s3, iface: enp0s3): no ifupdown configuration found.
Jan 16 10:39:53 ubuntu32 NetworkManager[847]: <info>  [1484581193.0361] devices added (path: /sys/devices/virtual/net/lo, iface: lo)
Jan 16 10:39:53 ubuntu32 NetworkManager[847]: <info>  [1484581193.0361] device added (path: /sys/devices/virtual/net/lo, iface: lo): no ifupdown configuration found.
Jan 16 10:39:53 ubuntu32 NetworkManager[847]: <info>  [1484581193.0361] end _init.
Jan 16 10:39:53 ubuntu32 NetworkManager[847]: <info>  [1484581193.0361] settings: loaded plugin ifupdown: (C) 2008 Canonical Ltd.  To report bugs please use the NetworkManager mailing list. (/usr/lib/i386-linux-gnu/NetworkManager/libnm-settings-plugin-ifupdown.so)
Jan 16 10:39:53 ubuntu32 NetworkManager[847]: <info>  [1484581193.0362] settings: loaded plugin keyfile: (c) 2007 - 2015 Red Hat, Inc.  To report bugs please use the NetworkManager mailing list.
Jan 16 10:39:53 ubuntu32 NetworkManager[847]: <info>  [1484581193.0376] SettingsPlugin-Ofono: init!
Jan 16 10:39:53 ubuntu32 NetworkManager[847]: <warn>  [1484581193.0376] SettingsPlugin-Ofono: file doesn't exist: /var/lib/ofono
Jan 16 10:39:53 ubuntu32 NetworkManager[847]: <info>  [1484581193.0376] SettingsPlugin-Ofono: end _init.
Jan 16 10:39:53 ubuntu32 NetworkManager[847]: <info>  [1484581193.0376] settings: loaded plugin ofono: (C) 2013-2016 Canonical Ltd.  To report bugs please use the NetworkManager mailing list. (/usr/lib/i386-linux-gnu/NetworkManager/libnm-settings-plugin-ofono.so)
Jan 16 10:39:53 ubuntu32 NetworkManager[847]: <info>  [1484581193.0376] (153623856) ... get_connections.
Jan 16 10:39:53 ubuntu32 NetworkManager[847]: <info>  [1484581193.0376] (153623856) ... get_connections (managed=false): return empty list.
Jan 16 10:39:53 ubuntu32 NetworkManager[847]: <info>  [1484581193.0382] SettingsPlugin-Ofono: (153623976) ... get_connections.
Jan 16 10:39:53 ubuntu32 NetworkManager[847]: <info>  [1484581193.0383] SettingsPlugin-Ofono: (153623976) connections count: 0
Jan 16 10:39:53 ubuntu32 NetworkManager[847]: <info>  [1484581193.0383] get unmanaged devices count: 0
Jan 16 10:39:53 ubuntu32 dbus[762]: [system] Activating via systemd: service name='org.freedesktop.hostname1' unit='dbus-org.freedesktop.hostname1.service'
Jan 16 10:39:53 ubuntu32 systemd[1]: Starting Hostname Service...
Jan 16 10:39:53 ubuntu32 polkitd[977]: started daemon version 0.105 using authority implementation `local' version `0.105'
Jan 16 10:39:53 ubuntu32 systemd-udevd[313]: Process 'console-setup-tty /dev/tty6' failed with exit code 71.
Jan 16 10:39:53 ubuntu32 dbus[762]: [system] Successfully activated service 'org.freedesktop.PolicyKit1'
Jan 16 10:39:53 ubuntu32 systemd[1]: Started Authenticate and Authorize Users to Run Privileged Tasks.
Jan 16 10:39:53 ubuntu32 accounts-daemon[876]: started daemon version 0.6.40
Jan 16 10:39:53 ubuntu32 systemd[1]: Started Accounts Service.
Jan 16 10:39:53 ubuntu32 dbus[762]: [system] Successfully activated service 'org.freedesktop.hostname1'
Jan 16 10:39:53 ubuntu32 systemd[1]: Started Hostname Service.
Jan 16 10:39:53 ubuntu32 NetworkManager[847]: <info>  [1484581193.0625] settings: hostname: using hostnamed
Jan 16 10:39:53 ubuntu32 NetworkManager[847]: <info>  [1484581193.0625] settings: hostname changed from (none) to "ubuntu32"
Jan 16 10:39:53 ubuntu32 NetworkManager[847]: <info>  [1484581193.0627] Using DHCP client 'dhclient'
Jan 16 10:39:53 ubuntu32 NetworkManager[847]: <info>  [1484581193.0628] manager: WiFi enabled by radio killswitch; enabled by state file
Jan 16 10:39:53 ubuntu32 NetworkManager[847]: <info>  [1484581193.0628] manager: WWAN enabled by radio killswitch; enabled by state file
Jan 16 10:39:53 ubuntu32 NetworkManager[847]: <info>  [1484581193.0628] manager: Networking is enabled by state file
Jan 16 10:39:53 ubuntu32 NetworkManager[847]: <info>  [1484581193.0628] Loaded device plugin: NMVxlanFactory (internal)
Jan 16 10:39:53 ubuntu32 NetworkManager[847]: <info>  [1484581193.0629] Loaded device plugin: NMVlanFactory (internal)
Jan 16 10:39:53 ubuntu32 NetworkManager[847]: <info>  [1484581193.0629] Loaded device plugin: NMVethFactory (internal)
Jan 16 10:39:53 ubuntu32 NetworkManager[847]: <info>  [1484581193.0629] Loaded device plugin: NMTunFactory (internal)
Jan 16 10:39:53 ubuntu32 NetworkManager[847]: <info>  [1484581193.0629] Loaded device plugin: NMMacvlanFactory (internal)
Jan 16 10:39:53 ubuntu32 NetworkManager[847]: <info>  [1484581193.0629] Loaded device plugin: NMIPTunnelFactory (internal)
Jan 16 10:39:53 ubuntu32 NetworkManager[847]: <info>  [1484581193.0629] Loaded device plugin: NMInfinibandFactory (internal)
Jan 16 10:39:53 ubuntu32 NetworkManager[847]: <info>  [1484581193.0629] Loaded device plugin: NMEthernetFactory (internal)
Jan 16 10:39:53 ubuntu32 NetworkManager[847]: <info>  [1484581193.0629] Loaded device plugin: NMBridgeFactory (internal)
Jan 16 10:39:53 ubuntu32 NetworkManager[847]: <info>  [1484581193.0630] Loaded device plugin: NMBondFactory (internal)
Jan 16 10:39:53 ubuntu32 nm-dispatcher: req:1 'hostname': new request (1 scripts)
Jan 16 10:39:53 ubuntu32 nm-dispatcher: req:1 'hostname': start running ordered scripts...
Jan 16 10:39:53 ubuntu32 NetworkManager[847]: <info>  [1484581193.0684] Loaded device plugin: NMWwanFactory (/usr/lib/i386-linux-gnu/NetworkManager/libnm-device-plugin-wwan.so)
Jan 16 10:39:53 ubuntu32 NetworkManager[847]: <info>  [1484581193.0742] Loaded device plugin: NMWifiFactory (/usr/lib/i386-linux-gnu/NetworkManager/libnm-device-plugin-wifi.so)
Jan 16 10:39:53 ubuntu32 NetworkManager[847]: <info>  [1484581193.0793] Loaded device plugin: NMBluezManager (/usr/lib/i386-linux-gnu/NetworkManager/libnm-device-plugin-bluetooth.so)
Jan 16 10:39:53 ubuntu32 systemd[1]: Received SIGRTMIN+21 from PID 373 (plymouthd).
Jan 16 10:39:53 ubuntu32 systemd[1]: Started Hold until boot process finishes up.
Jan 16 10:39:53 ubuntu32 NetworkManager[847]: <info>  [1484581193.0854] Loaded device plugin: NMAtmManager (/usr/lib/i386-linux-gnu/NetworkManager/libnm-device-plugin-adsl.so)
Jan 16 10:39:53 ubuntu32 NetworkManager[847]: nm_device_get_device_type: assertion 'NM_IS_DEVICE (self)' failed
Jan 16 10:39:53 ubuntu32 NetworkManager[847]: <info>  [1484581193.0870] device (lo): link connected
Jan 16 10:39:53 ubuntu32 NetworkManager[847]: <info>  [1484581193.0875] manager: (lo): new Generic device (/org/freedesktop/NetworkManager/Devices/0)
Jan 16 10:39:53 ubuntu32 NetworkManager[847]: <info>  [1484581193.0884] manager: (enp0s3): new Ethernet device (/org/freedesktop/NetworkManager/Devices/1)
Jan 16 10:39:53 ubuntu32 NetworkManager[847]: <info>  [1484581193.0890] keyfile: add connection in-memory (fa9734d7-c8e3-3f3b-8674-26d901db105e,"Wired connection 1")
Jan 16 10:39:53 ubuntu32 NetworkManager[847]: <info>  [1484581193.0899] settings: (enp0s3): created default wired connection 'Wired connection 1'
Jan 16 10:39:53 ubuntu32 NetworkManager[847]: <info>  [1484581193.0905] device (enp0s3): state change: unmanaged -> unavailable (reason 'managed') [10 20 2]
Jan 16 10:39:53 ubuntu32 NetworkManager[847]: <info>  [1484581193.1026] device (enp0s3): link connected
Jan 16 10:39:53 ubuntu32 NetworkManager[847]: <info>  [1484581193.1053] urfkill disappeared from the bus
Jan 16 10:39:53 ubuntu32 NetworkManager[847]: <info>  [1484581193.1057] device (enp0s3): state change: unavailable -> disconnected (reason 'carrier-changed') [20 30 40]
Jan 16 10:39:53 ubuntu32 NetworkManager[847]: <info>  [1484581193.1094] policy: auto-activating connection 'Wired connection 1'
Jan 16 10:39:53 ubuntu32 NetworkManager[847]: <info>  [1484581193.1103] ofono is now available
Jan 16 10:39:53 ubuntu32 systemd[1]: Started Getty on tty1.
Jan 16 10:39:53 ubuntu32 systemd[1]: Reached target Login Prompts.
Jan 16 10:39:53 ubuntu32 systemd[1]: Starting Set console scheme...
Jan 16 10:39:53 ubuntu32 NetworkManager[847]: <info>  [1484581193.1117] ModemManager disappeared from bus
Jan 16 10:39:53 ubuntu32 systemd[1]: Started Light Display Manager.
Jan 16 10:39:53 ubuntu32 systemd[1]: Started Set console scheme.
Jan 16 10:39:53 ubuntu32 kernel: [    5.439788] IPv6: ADDRCONF(NETDEV_UP): enp0s3: link is not ready
Jan 16 10:39:53 ubuntu32 kernel: [    5.442964] IPv6: ADDRCONF(NETDEV_UP): enp0s3: link is not ready
Jan 16 10:39:53 ubuntu32 kernel: [    5.443731] e1000: enp0s3 NIC Link is Up 1000 Mbps Full Duplex, Flow Control: RX
Jan 16 10:39:53 ubuntu32 kernel: [    5.444099] IPv6: ADDRCONF(NETDEV_CHANGE): enp0s3: link becomes ready
Jan 16 10:39:53 ubuntu32 systemd[1]: Started Modem Manager.
Jan 16 10:39:53 ubuntu32 NetworkManager[847]: <warn>  [1484581193.1167] failed to enumerate oFono devices: GDBus.Error:org.freedesktop.DBus.Error.ServiceUnknown: The name org.ofono was not provided by any .service files
Jan 16 10:39:53 ubuntu32 NetworkManager[847]: <info>  [1484581193.1175] device (enp0s3): Activation: starting connection 'Wired connection 1' (fa9734d7-c8e3-3f3b-8674-26d901db105e)
Jan 16 10:39:53 ubuntu32 NetworkManager[847]: <info>  [1484581193.1177] device (enp0s3): state change: disconnected -> prepare (reason 'none') [30 40 0]
Jan 16 10:39:53 ubuntu32 NetworkManager[847]: <info>  [1484581193.1179] manager: NetworkManager state is now CONNECTING
Jan 16 10:39:53 ubuntu32 NetworkManager[847]: <info>  [1484581193.1192] device (enp0s3): state change: prepare -> config (reason 'none') [40 50 0]
Jan 16 10:39:53 ubuntu32 NetworkManager[847]: <info>  [1484581193.1203] device (enp0s3): state change: config -> ip-config (reason 'none') [50 70 0]
Jan 16 10:39:53 ubuntu32 whoopsie[865]: [10:39:53] offline
Jan 16 10:39:53 ubuntu32 NetworkManager[847]: <info>  [1484581193.1222] dhcp4 (enp0s3): activation: beginning transaction (timeout in 45 seconds)
Jan 16 10:39:53 ubuntu32 NetworkManager[847]: <info>  [1484581193.1351] dhcp4 (enp0s3): dhclient started with pid 1025
Jan 16 10:39:53 ubuntu32 NetworkManager[847]: <info>  [1484581193.1376] ModemManager available in the bus
Jan 16 10:39:53 ubuntu32 dhclient[1025]: DHCPREQUEST of 10.0.2.15 on enp0s3 to 255.255.255.255 port 67 (xid=0x5c16e6e)
Jan 16 10:39:53 ubuntu32 dhclient[1025]: DHCPACK of 10.0.2.15 from 10.0.2.2
Jan 16 10:39:53 ubuntu32 NetworkManager[847]: <info>  [1484581193.2021]   address 10.0.2.15
Jan 16 10:39:53 ubuntu32 NetworkManager[847]: <info>  [1484581193.2021]   plen 24 (255.255.255.0)
Jan 16 10:39:53 ubuntu32 NetworkManager[847]: <info>  [1484581193.2022]   gateway 10.0.2.2
Jan 16 10:39:53 ubuntu32 NetworkManager[847]: <info>  [1484581193.2022]   server identifier 10.0.2.2
Jan 16 10:39:53 ubuntu32 vboxadd[869]: Starting the VirtualBox Guest AdditionsInstalling the Window System drivers
Jan 16 10:39:53 ubuntu32 NetworkManager[847]: <info>  [1484581193.2022]   lease time 86400
Jan 16 10:39:53 ubuntu32 NetworkManager[847]: <info>  [1484581193.2022]   nameserver '192.168.1.1'
Jan 16 10:39:53 ubuntu32 NetworkManager[847]: <info>  [1484581193.2022] dhcp4 (enp0s3): state changed unknown -> bound
Jan 16 10:39:53 ubuntu32 NetworkManager[847]: <info>  [1484581193.2052] device (enp0s3): state change: ip-config -> ip-check (reason 'none') [70 80 0]
Jan 16 10:39:53 ubuntu32 NetworkManager[847]: <info>  [1484581193.2057] device (enp0s3): state change: ip-check -> secondaries (reason 'none') [80 90 0]
Jan 16 10:39:53 ubuntu32 NetworkManager[847]: <info>  [1484581193.2059] device (enp0s3): state change: secondaries -> activated (reason 'none') [90 100 0]
Jan 16 10:39:53 ubuntu32 NetworkManager[847]: <info>  [1484581193.2060] manager: NetworkManager state is now CONNECTED_LOCAL
Jan 16 10:39:53 ubuntu32 avahi-daemon[758]: Joining mDNS multicast group on interface enp0s3.IPv4 with address 10.0.2.15.
Jan 16 10:39:53 ubuntu32 avahi-daemon[758]: New relevant interface enp0s3.IPv4 for mDNS.
Jan 16 10:39:53 ubuntu32 avahi-daemon[758]: Registering new address record for 10.0.2.15 on enp0s3.IPv4.
Jan 16 10:39:53 ubuntu32 dhclient[1025]: bound to 10.0.2.15 -- renewal in 37987 seconds.
Jan 16 10:39:53 ubuntu32 NetworkManager[847]: <info>  [1484581193.2134] manager: NetworkManager state is now CONNECTED_GLOBAL
Jan 16 10:39:53 ubuntu32 NetworkManager[847]: <info>  [1484581193.2136] policy: set 'Wired connection 1' (enp0s3) as default for IPv4 routing and DNS
Jan 16 10:39:53 ubuntu32 NetworkManager[847]: <info>  [1484581193.2139] dns-plugin[0x92647d0]: starting dnsmasq...
Jan 16 10:39:53 ubuntu32 vboxadd[869]: Installing X.Org Server 1.18 modules ...done.
Jan 16 10:39:53 ubuntu32 vboxadd[869]: Setting up the Window System to use the Guest Additions ...done.
Jan 16 10:39:53 ubuntu32 vboxadd[869]: You may need to restart the the Window System (or just restart the guest system)
Jan 16 10:39:53 ubuntu32 vboxadd[869]: to enable the Guest Additions.
Jan 16 10:39:53 ubuntu32 NetworkManager[847]: <info>  [1484581193.2175] dns-mgr: Writing DNS information to /sbin/resolvconf
Jan 16 10:39:53 ubuntu32 whoopsie[865]: [10:39:53] Cannot reach: https://daisy.ubuntu.com
Jan 16 10:39:53 ubuntu32 dnsmasq[1074]: started, version 2.75 cache disabled
Jan 16 10:39:53 ubuntu32 dnsmasq[1074]: compile time options: IPv6 GNU-getopt DBus i18n IDN DHCP DHCPv6 no-Lua TFTP conntrack ipset auth DNSSEC loop-detect inotify
Jan 16 10:39:53 ubuntu32 dnsmasq[1074]: DBus support enabled: connected to system bus
Jan 16 10:39:53 ubuntu32 dnsmasq[1074]: warning: no upstream servers configured
Jan 16 10:39:53 ubuntu32 vboxadd[869]: Installing graphics libraries and desktop services components ...done.
Jan 16 10:39:53 ubuntu32 NetworkManager[847]: <info>  [1484581193.2991] device (enp0s3): Activation: successful, device activated.
Jan 16 10:39:53 ubuntu32 vboxadd[869]:  ...done.
Jan 16 10:39:53 ubuntu32 whoopsie[865]: [10:39:53] The default IPv4 route is: /org/freedesktop/NetworkManager/ActiveConnection/0
Jan 16 10:39:53 ubuntu32 whoopsie[865]: [10:39:53] Not a paid data plan: /org/freedesktop/NetworkManager/ActiveConnection/0
Jan 16 10:39:53 ubuntu32 whoopsie[865]: [10:39:53] Found usable connection: /org/freedesktop/NetworkManager/ActiveConnection/0
Jan 16 10:39:53 ubuntu32 systemd[1]: Started vboxadd.service.
Jan 16 10:39:53 ubuntu32 nm-dispatcher: req:2 'up' [enp0s3]: new request (1 scripts)
Jan 16 10:39:53 ubuntu32 NetworkManager[847]: <info>  [1484581193.3034] dnsmasq[0x92647d0]: dnsmasq appeared as :1.25
Jan 16 10:39:53 ubuntu32 nm-dispatcher: req:2 'up' [enp0s3]: start running ordered scripts...
Jan 16 10:39:53 ubuntu32 systemd[1]: Starting vboxadd-service.service...
Jan 16 10:39:53 ubuntu32 dnsmasq[1074]: setting upstream servers from DBus
Jan 16 10:39:53 ubuntu32 dnsmasq[1074]: using nameserver 192.168.1.1#53
Jan 16 10:39:53 ubuntu32 kernel: [    5.670211] VBoxService 5.0.30 r112061 (verbosity: 0) linux.x86 (Nov 23 2016 15:19:28) release log
Jan 16 10:39:53 ubuntu32 kernel: [    5.670211] 00:00:00.000076 main     Log opened 2017-01-16T15:39:53.322018000Z
Jan 16 10:39:53 ubuntu32 kernel: [    5.670244] 00:00:00.000133 main     OS Product: Linux
Jan 16 10:39:53 ubuntu32 kernel: [    5.670264] 00:00:00.000155 main     OS Release: 4.4.35ehburnham
Jan 16 10:39:53 ubuntu32 kernel: [    5.670282] 00:00:00.000175 main     OS Version: #1 SMP Sun Jan 15 21:18:23 EST 2017
Jan 16 10:39:53 ubuntu32 kernel: [    5.670307] 00:00:00.000193 main     Executable: /opt/VBoxGuestAdditions-5.0.30/sbin/VBoxService
Jan 16 10:39:53 ubuntu32 kernel: [    5.670307] 00:00:00.000194 main     Process ID: 1163
Jan 16 10:39:53 ubuntu32 kernel: [    5.670307] 00:00:00.000194 main     Package type: LINUX_32BITS_GENERIC
Jan 16 10:39:53 ubuntu32 vboxadd-service[1129]: Starting VirtualBox Guest Addition service  ...done.
Jan 16 10:39:53 ubuntu32 systemd[1]: Started vboxadd-service.service.
Jan 16 10:39:53 ubuntu32 systemd[1]: Reached target Multi-User System.
Jan 16 10:39:53 ubuntu32 systemd[1]: Reached target Graphical Interface.
Jan 16 10:39:53 ubuntu32 systemd[1]: Starting Update UTMP about System Runlevel Changes...
Jan 16 10:39:53 ubuntu32 kernel: [    5.671244] 00:00:00.001126 main     5.0.30 r112061 started. Verbose level = 0
Jan 16 10:39:53 ubuntu32 whoopsie[865]: [10:39:53] online
Jan 16 10:39:53 ubuntu32 systemd[1]: Started Update UTMP about System Runlevel Changes.
Jan 16 10:39:53 ubuntu32 systemd[1]: Startup finished in 4.076s (kernel) + 1.382s (userspace) = 5.459s.
Jan 16 10:39:53 ubuntu32 kernel: [    6.117628] random: nonblocking pool is initialized
Jan 16 10:39:54 ubuntu32 avahi-daemon[758]: Joining mDNS multicast group on interface enp0s3.IPv6 with address fe80::b8d3:2664:fdba:7872.
Jan 16 10:39:54 ubuntu32 avahi-daemon[758]: New relevant interface enp0s3.IPv6 for mDNS.
Jan 16 10:39:54 ubuntu32 avahi-daemon[758]: Registering new address record for fe80::b8d3:2664:fdba:7872 on enp0s3.*.
Jan 16 10:39:54 ubuntu32 ModemManager[863]: <info>  Couldn't find support for device at '/sys/devices/pci0000:00/0000:00:03.0': not supported by any plugin
Jan 16 10:39:58 ubuntu32 NetworkManager[847]: <info>  [1484581198.9636] manager: startup complete
Jan 16 10:39:58 ubuntu32 kernel: [   11.308918] floppy0: no floppy controllers found
Jan 16 10:39:58 ubuntu32 kernel: [   11.308944] work still pending
Jan 16 10:39:59 ubuntu32 systemd[1]: Created slice User Slice of lightdm.
Jan 16 10:39:59 ubuntu32 systemd[1]: Started Session c1 of user lightdm.
Jan 16 10:39:59 ubuntu32 systemd[1]: Starting User Manager for UID 108...
Jan 16 10:39:59 ubuntu32 systemd[1265]: Reached target Timers.
Jan 16 10:39:59 ubuntu32 systemd[1265]: Reached target Paths.
Jan 16 10:39:59 ubuntu32 systemd[1265]: Reached target Sockets.
Jan 16 10:39:59 ubuntu32 systemd[1265]: Reached target Basic System.
Jan 16 10:39:59 ubuntu32 systemd[1265]: Reached target Default.
Jan 16 10:39:59 ubuntu32 systemd[1265]: Startup finished in 13ms.
Jan 16 10:39:59 ubuntu32 systemd[1]: Started User Manager for UID 108.
Jan 16 10:39:59 ubuntu32 org.a11y.atspi.Registry[1299]: SpiRegistry daemon is running with well-known name - org.a11y.atspi.Registry
Jan 16 10:39:59 ubuntu32 dbus[762]: [system] Activating via systemd: service name='org.bluez' unit='dbus-org.bluez.service'
Jan 16 10:39:59 ubuntu32 dbus[762]: [system] Activating via systemd: service name='org.freedesktop.RealtimeKit1' unit='rtkit-daemon.service'
Jan 16 10:39:59 ubuntu32 systemd[1]: Starting RealtimeKit Scheduling Policy Service...
Jan 16 10:39:59 ubuntu32 dbus[762]: [system] Successfully activated service 'org.freedesktop.RealtimeKit1'
Jan 16 10:39:59 ubuntu32 systemd[1]: Started RealtimeKit Scheduling Policy Service.
Jan 16 10:39:59 ubuntu32 rtkit-daemon[1390]: Successfully called chroot.
Jan 16 10:39:59 ubuntu32 rtkit-daemon[1390]: Successfully dropped privileges.
Jan 16 10:39:59 ubuntu32 rtkit-daemon[1390]: Successfully limited resources.
Jan 16 10:39:59 ubuntu32 rtkit-daemon[1390]: Running.
Jan 16 10:39:59 ubuntu32 rtkit-daemon[1390]: Watchdog thread running.
Jan 16 10:39:59 ubuntu32 rtkit-daemon[1390]: Canary thread running.
Jan 16 10:39:59 ubuntu32 rtkit-daemon[1390]: Successfully made thread 1387 of process 1387 (n/a) owned by '108' high priority at nice level -11.
Jan 16 10:39:59 ubuntu32 rtkit-daemon[1390]: Supervising 1 threads of 1 processes of 1 users.
Jan 16 10:39:59 ubuntu32 dbus[762]: [system] Activating via systemd: service name='org.freedesktop.UPower' unit='upower.service'
Jan 16 10:39:59 ubuntu32 pulseaudio[1387]: [pulseaudio] alsa-util.c: Disabling timer-based scheduling because running inside a VM.
Jan 16 10:39:59 ubuntu32 pulseaudio[1387]: [pulseaudio] sink.c: Default and alternate sample rates are the same.
Jan 16 10:39:59 ubuntu32 systemd[1]: Starting Daemon for power management...
Jan 16 10:39:59 ubuntu32 rtkit-daemon[1390]: Supervising 1 threads of 1 processes of 1 users.
Jan 16 10:39:59 ubuntu32 rtkit-daemon[1390]: Successfully made thread 1399 of process 1387 (n/a) owned by '108' RT at priority 5.
Jan 16 10:39:59 ubuntu32 rtkit-daemon[1390]: Supervising 2 threads of 1 processes of 1 users.
Jan 16 10:39:59 ubuntu32 pulseaudio[1387]: [pulseaudio] alsa-util.c: Disabling timer-based scheduling because running inside a VM.
Jan 16 10:39:59 ubuntu32 rtkit-daemon[1390]: Supervising 2 threads of 1 processes of 1 users.
Jan 16 10:39:59 ubuntu32 rtkit-daemon[1390]: Successfully made thread 1402 of process 1387 (n/a) owned by '108' RT at priority 5.
Jan 16 10:39:59 ubuntu32 rtkit-daemon[1390]: Supervising 3 threads of 1 processes of 1 users.
Jan 16 10:39:59 ubuntu32 dbus[762]: [system] Successfully activated service 'org.freedesktop.UPower'
Jan 16 10:39:59 ubuntu32 systemd[1]: Started Daemon for power management.
Jan 16 10:39:59 ubuntu32 rtkit-daemon[1390]: Successfully made thread 1411 of process 1411 (n/a) owned by '108' high priority at nice level -11.
Jan 16 10:39:59 ubuntu32 rtkit-daemon[1390]: Supervising 4 threads of 2 processes of 1 users.
Jan 16 10:39:59 ubuntu32 pulseaudio[1411]: [pulseaudio] pid.c: Daemon already running.
Jan 16 10:39:59 ubuntu32 dbus[762]: [system] Activating via systemd: service name='org.freedesktop.ColorManager' unit='colord.service'
Jan 16 10:39:59 ubuntu32 systemd[1]: Starting Manage, Install and Generate Color Profiles...
Jan 16 10:39:59 ubuntu32 dbus[762]: [system] Successfully activated service 'org.freedesktop.ColorManager'
Jan 16 10:39:59 ubuntu32 systemd[1]: Started Manage, Install and Generate Color Profiles.
Jan 16 10:40:02 ubuntu32 NetworkManager[847]: <info>  [1484581202.8740] WiFi hardware radio set enabled
Jan 16 10:40:02 ubuntu32 NetworkManager[847]: <info>  [1484581202.8741] WWAN hardware radio set enabled
Jan 16 10:40:24 ubuntu32 pulseaudio[1387]: [pulseaudio] bluez5-util.c: GetManagedObjects() failed: org.freedesktop.DBus.Error.TimedOut: Failed to activate service 'org.bluez': timed out
Jan 16 10:42:55 ubuntu32 org.gtk.vfs.Daemon[1279]: A connection to the bus can't be made
Jan 16 10:42:55 ubuntu32 systemd[1]: Created slice User Slice of ehburnham.
Jan 16 10:42:55 ubuntu32 systemd[1]: Starting User Manager for UID 1000...
Jan 16 10:42:55 ubuntu32 systemd[1]: Started Session c2 of user ehburnham.
Jan 16 10:42:55 ubuntu32 systemd[1440]: Reached target Sockets.
Jan 16 10:42:55 ubuntu32 systemd[1440]: Reached target Timers.
Jan 16 10:42:55 ubuntu32 systemd[1440]: Reached target Paths.
Jan 16 10:42:55 ubuntu32 systemd[1440]: Reached target Basic System.
Jan 16 10:42:55 ubuntu32 systemd[1440]: Reached target Default.
Jan 16 10:42:55 ubuntu32 systemd[1440]: Startup finished in 14ms.
Jan 16 10:42:55 ubuntu32 systemd[1]: Started User Manager for UID 1000.
Jan 16 10:42:55 ubuntu32 org.ayatana.bamf[1603]: bamfdaemon start/running, process 1675
Jan 16 10:42:56 ubuntu32 org.a11y.atspi.Registry[1760]: SpiRegistry daemon is running with well-known name - org.a11y.atspi.Registry
Jan 16 10:42:56 ubuntu32 dbus[762]: [system] Activating via systemd: service name='org.bluez' unit='dbus-org.bluez.service'
Jan 16 10:42:56 ubuntu32 gnome-session[1746]: gnome-session-is-accelerated: llvmpipe detected.
Jan 16 10:42:56 ubuntu32 rtkit-daemon[1390]: Successfully made thread 1871 of process 1871 (n/a) owned by '1000' high priority at nice level -11.
Jan 16 10:42:56 ubuntu32 rtkit-daemon[1390]: Supervising 4 threads of 2 processes of 2 users.
Jan 16 10:42:56 ubuntu32 pulseaudio[1871]: [pulseaudio] alsa-util.c: Disabling timer-based scheduling because running inside a VM.
Jan 16 10:42:56 ubuntu32 pulseaudio[1871]: [pulseaudio] sink.c: Default and alternate sample rates are the same.
Jan 16 10:42:56 ubuntu32 rtkit-daemon[1390]: Supervising 4 threads of 2 processes of 2 users.
Jan 16 10:42:56 ubuntu32 rtkit-daemon[1390]: Successfully made thread 1882 of process 1871 (n/a) owned by '1000' RT at priority 5.
Jan 16 10:42:56 ubuntu32 rtkit-daemon[1390]: Supervising 5 threads of 2 processes of 2 users.
Jan 16 10:42:56 ubuntu32 pulseaudio[1871]: [pulseaudio] alsa-util.c: Disabling timer-based scheduling because running inside a VM.
Jan 16 10:42:56 ubuntu32 rtkit-daemon[1390]: Supervising 5 threads of 2 processes of 2 users.
Jan 16 10:42:56 ubuntu32 rtkit-daemon[1390]: Successfully made thread 1887 of process 1871 (n/a) owned by '1000' RT at priority 5.
Jan 16 10:42:56 ubuntu32 rtkit-daemon[1390]: Supervising 6 threads of 2 processes of 2 users.
Jan 16 10:42:56 ubuntu32 org.gnome.ScreenSaver[1603]: ** (gnome-screensaver:1838): WARNING **: Couldn't get presence status: The name org.gnome.SessionManager was not provided by any .service files
Jan 16 10:42:56 ubuntu32 rtkit-daemon[1390]: Successfully made thread 1890 of process 1890 (n/a) owned by '1000' high priority at nice level -11.
Jan 16 10:42:56 ubuntu32 rtkit-daemon[1390]: Supervising 7 threads of 3 processes of 2 users.
Jan 16 10:42:56 ubuntu32 pulseaudio[1890]: [pulseaudio] pid.c: Daemon already running.
Jan 16 10:42:56 ubuntu32 dbus[762]: [system] Activating via systemd: service name='org.freedesktop.locale1' unit='dbus-org.freedesktop.locale1.service'
Jan 16 10:42:56 ubuntu32 gnome-session[1746]: SSH_AUTH_SOCK=/run/user/1000/keyring/ssh
Jan 16 10:42:56 ubuntu32 systemd[1]: Starting Locale Service...
Jan 16 10:42:56 ubuntu32 gnome-session[1746]: SSH_AUTH_SOCK=/run/user/1000/keyring/ssh
Jan 16 10:42:57 ubuntu32 gnome-session[1746]: SSH_AUTH_SOCK=/run/user/1000/keyring/ssh
Jan 16 10:42:57 ubuntu32 dbus[762]: [system] Successfully activated service 'org.freedesktop.locale1'
Jan 16 10:42:57 ubuntu32 systemd[1]: Started Locale Service.
Jan 16 10:42:57 ubuntu32 gnome-session[1746]: (process:1945): indicator-application-service-WARNING **: Unable to get watcher name 'org.kde.StatusNotifierWatcher'
Jan 16 10:42:57 ubuntu32 gnome-session[1746]: (process:1945): indicator-application-service-WARNING **: Name Lost
Jan 16 10:42:57 ubuntu32 gnome-session-binary[1746]: Entering running state
Jan 16 10:42:57 ubuntu32 dbus[762]: [system] Activating via systemd: service name='org.freedesktop.UDisks2' unit='udisks2.service'
Jan 16 10:42:57 ubuntu32 systemd[1]: Starting Disk Manager...
Jan 16 10:42:57 ubuntu32 udisksd[2014]: udisks daemon version 2.1.7 starting
Jan 16 10:42:57 ubuntu32 dbus[762]: [system] Successfully activated service 'org.freedesktop.UDisks2'
Jan 16 10:42:57 ubuntu32 systemd[1]: Started Disk Manager.
Jan 16 10:42:57 ubuntu32 udisksd[2014]: Acquired the name org.freedesktop.UDisks2 on the system message bus
Jan 16 10:42:57 ubuntu32 org.gtk.vfs.AfcVolumeMonitor[1603]: Volume monitor alive
Jan 16 10:42:57 ubuntu32 gnome-session[1746]: (gnome-software:1938): Gs-WARNING **: Failed to create permission org.freedesktop.packagekit.trigger-offline-update: GDBus.Error:org.freedesktop.PolicyKit1.Error.Failed: Action org.freedesktop.packagekit.trigger-offline-update is not registered
